   release    | t_commit 
 linuxv2.6.13 |       20
 linuxv2.6.13 |       19
 linuxv2.6.13 |       16
 linuxv2.6.13 |       16
 linuxv2.6.13 |       16
 linuxv2.6.13 |       14
 linuxv2.6.13 |       13
 linuxv2.6.13 |       13
 linuxv2.6.13 |       13
 linuxv2.6.13 |       13
 linuxv2.6.13 |       12
 linuxv2.6.13 |       12
 linuxv2.6.13 |       11
 linuxv2.6.13 |       11
 linuxv2.6.13 |       10
 linuxv2.6.13 |       10
 linuxv2.6.13 |       10
 linuxv2.6.13 |       10
 linuxv2.6.13 |        9
 linuxv2.6.13 |        9
 linuxv2.6.13 |        9
 linuxv2.6.13 |        9
 linuxv2.6.13 |        9
 linuxv2.6.13 |        9
 linuxv2.6.13 |        9
 linuxv2.6.13 |        9
 linuxv2.6.13 |        9
 linuxv2.6.13 |        8
 linuxv2.6.13 |        8
 linuxv2.6.13 |        8
 linuxv2.6.13 |        8
 linuxv2.6.13 |        8
 linuxv2.6.13 |        8
 linuxv2.6.13 |        8
 linuxv2.6.13 |        8
 linuxv2.6.13 |        7
 linuxv2.6.13 |        7
 linuxv2.6.13 |        7
 linuxv2.6.13 |        7
 linuxv2.6.13 |        7
 linuxv2.6.13 |        7
 linuxv2.6.13 |        7
 linuxv2.6.13 |        7
 linuxv2.6.13 |        7
 linuxv2.6.13 |        7
 linuxv2.6.13 |        7
 linuxv2.6.13 |        7
 linuxv2.6.13 |        7
 linuxv2.6.13 |        6
 linuxv2.6.13 |        6
 linuxv2.6.13 |        6
 linuxv2.6.13 |        6
 linuxv2.6.13 |        6
 linuxv2.6.13 |        6
 linuxv2.6.13 |        6
 linuxv2.6.13 |        6
 linuxv2.6.13 |        6
 linuxv2.6.13 |        6
 linuxv2.6.13 |        6
 linuxv2.6.13 |        6
 linuxv2.6.13 |        6
 linuxv2.6.13 |        6
 linuxv2.6.13 |        6
 linuxv2.6.13 |        6
 linuxv2.6.13 |        6
 linuxv2.6.13 |        6
 linuxv2.6.13 |        6
 linuxv2.6.13 |        6
 linuxv2.6.13 |        6
 linuxv2.6.13 |        6
 linuxv2.6.13 |        5
 linuxv2.6.13 |        5
 linuxv2.6.13 |        5
 linuxv2.6.13 |        5
 linuxv2.6.13 |        5
 linuxv2.6.13 |        5
 linuxv2.6.13 |        5
 linuxv2.6.13 |        5
 linuxv2.6.13 |        5
 linuxv2.6.13 |        5
 linuxv2.6.13 |        5
 linuxv2.6.13 |        5
 linuxv2.6.13 |        5
 linuxv2.6.13 |        5
 linuxv2.6.13 |        5
 linuxv2.6.13 |        5
 linuxv2.6.13 |        5
 linuxv2.6.13 |        5
 linuxv2.6.13 |        5
 linuxv2.6.13 |        5
 linuxv2.6.13 |        5
 linuxv2.6.13 |        5
 linuxv2.6.13 |        5
 linuxv2.6.13 |        5
 linuxv2.6.13 |        5
 linuxv2.6.13 |        5
 linuxv2.6.13 |        5
 linuxv2.6.13 |        5
 linuxv2.6.13 |        5
 linuxv2.6.13 |        5
 linuxv2.6.13 |        5
 linuxv2.6.13 |        5
 linuxv2.6.13 |        5
 linuxv2.6.13 |        5
 linuxv2.6.13 |        5
 linuxv2.6.13 |        5
 linuxv2.6.13 |        5
 linuxv2.6.13 |        5
 linuxv2.6.13 |        5
 linuxv2.6.13 |        5
 linuxv2.6.13 |        5
 linuxv2.6.13 |        4
 linuxv2.6.13 |        4
 linuxv2.6.13 |        4
 linuxv2.6.13 |        4
 linuxv2.6.13 |        4
 linuxv2.6.13 |        4
 linuxv2.6.13 |        4
 linuxv2.6.13 |        4
 linuxv2.6.13 |        4
 linuxv2.6.13 |        4
 linuxv2.6.13 |        4
 linuxv2.6.13 |        4
 linuxv2.6.13 |        4
 linuxv2.6.13 |        4
 linuxv2.6.13 |        4
 linuxv2.6.13 |        4
 linuxv2.6.13 |        4
 linuxv2.6.13 |        4
 linuxv2.6.13 |        4
 linuxv2.6.13 |        4
 linuxv2.6.13 |        4
 linuxv2.6.13 |        4
 linuxv2.6.13 |        4
 linuxv2.6.13 |        4
 linuxv2.6.13 |        4
 linuxv2.6.13 |        4
 linuxv2.6.13 |        4
 linuxv2.6.13 |        4
 linuxv2.6.13 |        4
 linuxv2.6.13 |        4
 linuxv2.6.13 |        4
 linuxv2.6.13 |        4
 linuxv2.6.13 |        4
 linuxv2.6.13 |        4
 linuxv2.6.13 |        4
 linuxv2.6.13 |        4
 linuxv2.6.13 |        4
 linuxv2.6.13 |        4
 linuxv2.6.13 |        4
 linuxv2.6.13 |        4
 linuxv2.6.13 |        4
 linuxv2.6.13 |        4
 linuxv2.6.13 |        4
 linuxv2.6.13 |        4
 linuxv2.6.13 |        4
 linuxv2.6.13 |        4
 linuxv2.6.13 |        4
 linuxv2.6.13 |        4
 linuxv2.6.13 |        4
 linuxv2.6.13 |        4
 linuxv2.6.13 |        4
 linuxv2.6.13 |        4
 linuxv2.6.13 |        4
 linuxv2.6.13 |        4
 linuxv2.6.13 |        4
 linuxv2.6.13 |        4
 linuxv2.6.13 |        4
 linuxv2.6.13 |        4
 linuxv2.6.13 |        4
 linuxv2.6.13 |        4
 linuxv2.6.13 |        4
 linuxv2.6.13 |        4
 linuxv2.6.13 |        4
 linuxv2.6.13 |        4
 linuxv2.6.13 |        4
 linuxv2.6.13 |        4
 linuxv2.6.13 |        4
 linuxv2.6.13 |        4
 linuxv2.6.13 |        4
 linuxv2.6.13 |        4
 linuxv2.6.13 |        4
 linuxv2.6.13 |        4
 linuxv2.6.13 |        4
 linuxv2.6.13 |        4
 linuxv2.6.13 |        4
 linuxv2.6.13 |        4
 linuxv2.6.13 |        4
 linuxv2.6.13 |        4
 linuxv2.6.13 |        4
 linuxv2.6.13 |        4
 linuxv2.6.13 |        4
 linuxv2.6.13 |        4
 linuxv2.6.13 |        3
 linuxv2.6.13 |        3
 linuxv2.6.13 |        3
 linuxv2.6.13 |        3
 linuxv2.6.13 |        3
 linuxv2.6.13 |        3
 linuxv2.6.13 |        3
 linuxv2.6.13 |        3
 linuxv2.6.13 |        3
 linuxv2.6.13 |        3
 linuxv2.6.13 |        3
 linuxv2.6.13 |        3
 linuxv2.6.13 |        3
 linuxv2.6.13 |        3
 linuxv2.6.13 |        3
 linuxv2.6.13 |        3
 linuxv2.6.13 |        3
 linuxv2.6.13 |        3
 linuxv2.6.13 |        3
 linuxv2.6.13 |        3
 linuxv2.6.13 |        3
 linuxv2.6.13 |        3
 linuxv2.6.13 |        3
 linuxv2.6.13 |        3
 linuxv2.6.13 |        3
 linuxv2.6.13 |        3
 linuxv2.6.13 |        3
 linuxv2.6.13 |        3
 linuxv2.6.13 |        3
 linuxv2.6.13 |        3
 linuxv2.6.13 |        3
 linuxv2.6.13 |        3
 linuxv2.6.13 |        3
 linuxv2.6.13 |        3
 linuxv2.6.13 |        3
 linuxv2.6.13 |        3
 linuxv2.6.13 |        3
 linuxv2.6.13 |        3
 linuxv2.6.13 |        3
 linuxv2.6.13 |        3
 linuxv2.6.13 |        3
 linuxv2.6.13 |        3
 linuxv2.6.13 |        3
 linuxv2.6.13 |        3
 linuxv2.6.13 |        3
 linuxv2.6.13 |        3
 linuxv2.6.13 |        3
 linuxv2.6.13 |        3
 linuxv2.6.13 |        3
 linuxv2.6.13 |        3
 linuxv2.6.13 |        3
 linuxv2.6.13 |        3
 linuxv2.6.13 |        3
 linuxv2.6.13 |        3
 linuxv2.6.13 |        3
 linuxv2.6.13 |        3
 linuxv2.6.13 |        3
 linuxv2.6.13 |        3
 linuxv2.6.13 |        3
 linuxv2.6.13 |        3
 linuxv2.6.13 |        3
 linuxv2.6.13 |        3
 linuxv2.6.13 |        3
 linuxv2.6.13 |        3
 linuxv2.6.13 |        3
 linuxv2.6.13 |        3
 linuxv2.6.13 |        3
 linuxv2.6.13 |        3
 linuxv2.6.13 |        3
 linuxv2.6.13 |        3
 linuxv2.6.13 |        3
 linuxv2.6.13 |        3
 linuxv2.6.13 |        3
 linuxv2.6.13 |        3
 linuxv2.6.13 |        3
 linuxv2.6.13 |        3
 linuxv2.6.13 |        3
 linuxv2.6.13 |        3
 linuxv2.6.13 |        3
 linuxv2.6.13 |        3
 linuxv2.6.13 |        3
 linuxv2.6.13 |        3
 linuxv2.6.13 |        3
 linuxv2.6.13 |        3
 linuxv2.6.13 |        3
 linuxv2.6.13 |        3
 linuxv2.6.13 |        3
 linuxv2.6.13 |        3
 linuxv2.6.13 |        3
 linuxv2.6.13 |        3
 linuxv2.6.13 |        3
 linuxv2.6.13 |        3
 linuxv2.6.13 |        3
 linuxv2.6.13 |        3
 linuxv2.6.13 |        3
 linuxv2.6.13 |        3
 linuxv2.6.13 |        3
 linuxv2.6.13 |        3
 linuxv2.6.13 |        3
 linuxv2.6.13 |        3
 linuxv2.6.13 |        3
 linuxv2.6.13 |        3
 linuxv2.6.13 |        3
 linuxv2.6.13 |        3
 linuxv2.6.13 |        3
 linuxv2.6.13 |        3
 linuxv2.6.13 |        3
 linuxv2.6.13 |        3
 linuxv2.6.13 |        3
 linuxv2.6.13 |        3
 linuxv2.6.13 |        3
 linuxv2.6.13 |        3
 linuxv2.6.13 |        3
 linuxv2.6.13 |        3
 linuxv2.6.13 |        3
 linuxv2.6.13 |        3
 linuxv2.6.13 |        3
 linuxv2.6.13 |        3
 linuxv2.6.13 |        3
 linuxv2.6.13 |        3
 linuxv2.6.13 |        3
 linuxv2.6.13 |        3
 linuxv2.6.13 |        3
 linuxv2.6.13 |        3
 linuxv2.6.13 |        3
 linuxv2.6.13 |        3
 linuxv2.6.13 |        3
 linuxv2.6.13 |        3
 linuxv2.6.13 |        3
 linuxv2.6.13 |        3
 linuxv2.6.13 |        3
 linuxv2.6.13 |        3
 linuxv2.6.13 |        3
 linuxv2.6.13 |        3
 linuxv2.6.13 |        3
 linuxv2.6.13 |        3
 linuxv2.6.13 |        3
 linuxv2.6.13 |        3
 linuxv2.6.13 |        3
 linuxv2.6.13 |        3
 linuxv2.6.13 |        3
 linuxv2.6.13 |        3
 linuxv2.6.13 |        3
 linuxv2.6.13 |        3
 linuxv2.6.13 |        3
 linuxv2.6.13 |        3
 linuxv2.6.13 |        3
 linuxv2.6.13 |        3
 linuxv2.6.13 |        3
 linuxv2.6.13 |        3
 linuxv2.6.13 |        3
 linuxv2.6.13 |        3
 linuxv2.6.13 |        3
 linuxv2.6.13 |        3
 linuxv2.6.13 |        3
 linuxv2.6.13 |        3
 linuxv2.6.13 |        3
 linuxv2.6.13 |        3
 linuxv2.6.13 |        3
 linuxv2.6.13 |        3
 linuxv2.6.13 |        3
 linuxv2.6.13 |        2
 linuxv2.6.13 |        2
 linuxv2.6.13 |        2
 linuxv2.6.13 |        2
 linuxv2.6.13 |        2
 linuxv2.6.13 |        2
 linuxv2.6.13 |        2
 linuxv2.6.13 |        2
 linuxv2.6.13 |        2
 linuxv2.6.13 |        2
 linuxv2.6.13 |        2
 linuxv2.6.13 |        2
 linuxv2.6.13 |        2
 linuxv2.6.13 |        2
 linuxv2.6.13 |        2
 linuxv2.6.13 |        2
 linuxv2.6.13 |        2
 linuxv2.6.13 |        2
 linuxv2.6.13 |        2
 linuxv2.6.13 |        2
 linuxv2.6.13 |        2
 linuxv2.6.13 |        2
 linuxv2.6.13 |        2
 linuxv2.6.13 |        2
 linuxv2.6.13 |        2
 linuxv2.6.13 |        2
 linuxv2.6.13 |        2
 linuxv2.6.13 |        2
 linuxv2.6.13 |        2
 linuxv2.6.13 |        2
 linuxv2.6.13 |        2
 linuxv2.6.13 |        2
 linuxv2.6.13 |        2
 linuxv2.6.13 |        2
 linuxv2.6.13 |        2
 linuxv2.6.13 |        2
 linuxv2.6.13 |        2
 linuxv2.6.13 |        2
 linuxv2.6.13 |        2
 linuxv2.6.13 |        2
 linuxv2.6.13 |        2
 linuxv2.6.13 |        2
 linuxv2.6.13 |        2
 linuxv2.6.13 |        2
 linuxv2.6.13 |        2
 linuxv2.6.13 |        2
 linuxv2.6.13 |        2
 linuxv2.6.13 |        2
 linuxv2.6.13 |        2
 linuxv2.6.13 |        2
 linuxv2.6.13 |        2
 linuxv2.6.13 |        2
 linuxv2.6.13 |        2
 linuxv2.6.13 |        2
 linuxv2.6.13 |        2
 linuxv2.6.13 |        2
 linuxv2.6.13 |        2
 linuxv2.6.13 |        2
 linuxv2.6.13 |        2
 linuxv2.6.13 |        2
 linuxv2.6.13 |        2
 linuxv2.6.13 |        2
 linuxv2.6.13 |        2
 linuxv2.6.13 |        2
 linuxv2.6.13 |        2
 linuxv2.6.13 |        2
 linuxv2.6.13 |        2
 linuxv2.6.13 |        2
 linuxv2.6.13 |        2
 linuxv2.6.13 |        2
 linuxv2.6.13 |        2
 linuxv2.6.13 |        2
 linuxv2.6.13 |        2
 linuxv2.6.13 |        2
 linuxv2.6.13 |        2
 linuxv2.6.13 |        2
 linuxv2.6.13 |        2
 linuxv2.6.13 |        2
 linuxv2.6.13 |        2
 linuxv2.6.13 |        2
 linuxv2.6.13 |        2
 linuxv2.6.13 |        2
 linuxv2.6.13 |        2
 linuxv2.6.13 |        2
 linuxv2.6.13 |        2
 linuxv2.6.13 |        2
 linuxv2.6.13 |        2
 linuxv2.6.13 |        2
 linuxv2.6.13 |        2
 linuxv2.6.13 |        2
 linuxv2.6.13 |        2
 linuxv2.6.13 |        2
 linuxv2.6.13 |        2
 linuxv2.6.13 |        2
 linuxv2.6.13 |        2
 linuxv2.6.13 |        2
 linuxv2.6.13 |        2
 linuxv2.6.13 |        2
 linuxv2.6.13 |        2
 linuxv2.6.13 |        2
 linuxv2.6.13 |        2
 linuxv2.6.13 |        2
 linuxv2.6.13 |        2
 linuxv2.6.13 |        2
 linuxv2.6.13 |        2
 linuxv2.6.13 |        2
 linuxv2.6.13 |        2
 linuxv2.6.13 |        2
 linuxv2.6.13 |        2
 linuxv2.6.13 |        2
 linuxv2.6.13 |        2
 linuxv2.6.13 |        2
 linuxv2.6.13 |        2
 linuxv2.6.13 |        2
 linuxv2.6.13 |        2
 linuxv2.6.13 |        2
 linuxv2.6.13 |        2
 linuxv2.6.13 |        2
 linuxv2.6.13 |        2
 linuxv2.6.13 |        2
 linuxv2.6.13 |        2
 linuxv2.6.13 |        2
 linuxv2.6.13 |        2
 linuxv2.6.13 |        2
 linuxv2.6.13 |        2
 linuxv2.6.13 |        2
 linuxv2.6.13 |        2
 linuxv2.6.13 |        2
 linuxv2.6.13 |        2
 linuxv2.6.13 |        2
 linuxv2.6.13 |        2
 linuxv2.6.13 |        2
 linuxv2.6.13 |        2
 linuxv2.6.13 |        2
 linuxv2.6.13 |        2
 linuxv2.6.13 |        2
 linuxv2.6.13 |        2
 linuxv2.6.13 |        2
 linuxv2.6.13 |        2
 linuxv2.6.13 |        2
 linuxv2.6.13 |        2
 linuxv2.6.13 |        2
 linuxv2.6.13 |        2
 linuxv2.6.13 |        2
 linuxv2.6.13 |        2
 linuxv2.6.13 |        2
 linuxv2.6.13 |        2
 linuxv2.6.13 |        2
 linuxv2.6.13 |        2
 linuxv2.6.13 |        2
 linuxv2.6.13 |        2
 linuxv2.6.13 |        2
 linuxv2.6.13 |        2
 linuxv2.6.13 |        2
 linuxv2.6.13 |        2
 linuxv2.6.13 |        2
 linuxv2.6.13 |        2
 linuxv2.6.13 |        2
 linuxv2.6.13 |        2
 linuxv2.6.13 |        2
 linuxv2.6.13 |        2
 linuxv2.6.13 |        2
 linuxv2.6.13 |        2
 linuxv2.6.13 |        2
 linuxv2.6.13 |        2
 linuxv2.6.13 |        2
 linuxv2.6.13 |        2
 linuxv2.6.13 |        2
 linuxv2.6.13 |        2
 linuxv2.6.13 |        2
 linuxv2.6.13 |        2
 linuxv2.6.13 |        2
 linuxv2.6.13 |        2
 linuxv2.6.13 |        2
 linuxv2.6.13 |        2
 linuxv2.6.13 |        2
 linuxv2.6.13 |        2
 linuxv2.6.13 |        2
 linuxv2.6.13 |        2
 linuxv2.6.13 |        2
 linuxv2.6.13 |        2
 linuxv2.6.13 |        2
 linuxv2.6.13 |        2
 linuxv2.6.13 |        2
 linuxv2.6.13 |        2
 linuxv2.6.13 |        2
 linuxv2.6.13 |        2
 linuxv2.6.13 |        2
 linuxv2.6.13 |        2
 linuxv2.6.13 |        2
 linuxv2.6.13 |        2
 linuxv2.6.13 |        2
 linuxv2.6.13 |        2
 linuxv2.6.13 |        2
 linuxv2.6.13 |        2
 linuxv2.6.13 |        2
 linuxv2.6.13 |        2
 linuxv2.6.13 |        2
 linuxv2.6.13 |        2
 linuxv2.6.13 |        2
 linuxv2.6.13 |        2
 linuxv2.6.13 |        2
 linuxv2.6.13 |        2
 linuxv2.6.13 |        2
 linuxv2.6.13 |        2
 linuxv2.6.13 |        2
 linuxv2.6.13 |        2
 linuxv2.6.13 |        2
 linuxv2.6.13 |        2
 linuxv2.6.13 |        2
 linuxv2.6.13 |        2
 linuxv2.6.13 |        2
 linuxv2.6.13 |        2
 linuxv2.6.13 |        2
 linuxv2.6.13 |        2
 linuxv2.6.13 |        2
 linuxv2.6.13 |        2
 linuxv2.6.13 |        2
 linuxv2.6.13 |        2
 linuxv2.6.13 |        2
 linuxv2.6.13 |        2
 linuxv2.6.13 |        2
 linuxv2.6.13 |        2
 linuxv2.6.13 |        2
 linuxv2.6.13 |        2
 linuxv2.6.13 |        2
 linuxv2.6.13 |        2
 linuxv2.6.13 |        2
 linuxv2.6.13 |        2
 linuxv2.6.13 |        2
 linuxv2.6.13 |        2
 linuxv2.6.13 |        2
 linuxv2.6.13 |        2
 linuxv2.6.13 |        2
 linuxv2.6.13 |        2
 linuxv2.6.13 |        2
 linuxv2.6.13 |        2
 linuxv2.6.13 |        2
 linuxv2.6.13 |        2
 linuxv2.6.13 |        2
 linuxv2.6.13 |        2
 linuxv2.6.13 |        2
 linuxv2.6.13 |        2
 linuxv2.6.13 |        2
 linuxv2.6.13 |        2
 linuxv2.6.13 |        2
 linuxv2.6.13 |        2
 linuxv2.6.13 |        2
 linuxv2.6.13 |        2
 linuxv2.6.13 |        2
 linuxv2.6.13 |        2
 linuxv2.6.13 |        2
 linuxv2.6.13 |        2
 linuxv2.6.13 |        2
 linuxv2.6.13 |        2
 linuxv2.6.13 |        2
 linuxv2.6.13 |        2
 linuxv2.6.13 |        2
 linuxv2.6.13 |        2
 linuxv2.6.13 |        2
 linuxv2.6.13 |        2
 linuxv2.6.13 |        2
 linuxv2.6.13 |        2
 linuxv2.6.13 |        2
 linuxv2.6.13 |        2
 linuxv2.6.13 |        2
 linuxv2.6.13 |        2
 linuxv2.6.13 |        2
 linuxv2.6.13 |        2
 linuxv2.6.13 |        2
 linuxv2.6.13 |        2
 linuxv2.6.13 |        2
 linuxv2.6.13 |        2
 linuxv2.6.13 |        2
 linuxv2.6.13 |        2
 linuxv2.6.13 |        2
 linuxv2.6.13 |        2
 linuxv2.6.13 |        2
 linuxv2.6.13 |        2
 linuxv2.6.13 |        2
 linuxv2.6.13 |        2
 linuxv2.6.13 |        2
 linuxv2.6.13 |        2
 linuxv2.6.13 |        2
 linuxv2.6.13 |        2
 linuxv2.6.13 |        2
 linuxv2.6.13 |        2
 linuxv2.6.13 |        2
 linuxv2.6.13 |        2
 linuxv2.6.13 |        2
 linuxv2.6.13 |        2
 linuxv2.6.13 |        2
 linuxv2.6.13 |        2
 linuxv2.6.13 |        2
 linuxv2.6.13 |        2
 linuxv2.6.13 |        2
 linuxv2.6.13 |        2
 linuxv2.6.13 |        2
 linuxv2.6.13 |        2
 linuxv2.6.13 |        2
 linuxv2.6.13 |        2
 linuxv2.6.13 |        2
 linuxv2.6.13 |        2
 linuxv2.6.13 |        2
 linuxv2.6.13 |        2
 linuxv2.6.13 |        2
 linuxv2.6.13 |        2
 linuxv2.6.13 |        2
 linuxv2.6.13 |        2
 linuxv2.6.13 |        2
 linuxv2.6.13 |        2
 linuxv2.6.13 |        2
 linuxv2.6.13 |        2
 linuxv2.6.13 |        2
 linuxv2.6.13 |        2
 linuxv2.6.13 |        2
 linuxv2.6.13 |        2
 linuxv2.6.13 |        2
 linuxv2.6.13 |        2
 linuxv2.6.13 |        2
 linuxv2.6.13 |        2
 linuxv2.6.13 |        2
 linuxv2.6.13 |        2
 linuxv2.6.13 |        2
 linuxv2.6.13 |        2
 linuxv2.6.13 |        2
 linuxv2.6.13 |        2
 linuxv2.6.13 |        2
 linuxv2.6.13 |        2
 linuxv2.6.13 |        2
 linuxv2.6.13 |        2
 linuxv2.6.13 |        2
 linuxv2.6.13 |        2
 linuxv2.6.13 |        2
 linuxv2.6.13 |        2
 linuxv2.6.13 |        2
 linuxv2.6.13 |        2
 linuxv2.6.13 |        2
 linuxv2.6.13 |        2
 linuxv2.6.13 |        2
 linuxv2.6.13 |        2
 linuxv2.6.13 |        2
 linuxv2.6.13 |        2
 linuxv2.6.13 |        2
 linuxv2.6.13 |        2
 linuxv2.6.13 |        2
 linuxv2.6.13 |        2
 linuxv2.6.13 |        2
 linuxv2.6.13 |        2
 linuxv2.6.13 |        2
 linuxv2.6.13 |        2
 linuxv2.6.13 |        2
 linuxv2.6.13 |        2
 linuxv2.6.13 |        2
 linuxv2.6.13 |        2
 linuxv2.6.13 |        2
 linuxv2.6.13 |        2
 linuxv2.6.13 |        2
 linuxv2.6.13 |        2
 linuxv2.6.13 |        2
 linuxv2.6.13 |        2
 linuxv2.6.13 |        2
 linuxv2.6.13 |        2
 linuxv2.6.13 |        2
 linuxv2.6.13 |        2
 linuxv2.6.13 |        2
 linuxv2.6.13 |        2
 linuxv2.6.13 |        2
 linuxv2.6.13 |        2
 linuxv2.6.13 |        2
 linuxv2.6.13 |        2
 linuxv2.6.13 |        2
 linuxv2.6.13 |        2
 linuxv2.6.13 |        2
 linuxv2.6.13 |        2
 linuxv2.6.13 |        2
 linuxv2.6.13 |        2
 linuxv2.6.13 |        2
 linuxv2.6.13 |        2
 linuxv2.6.13 |        2
 linuxv2.6.13 |        2
 linuxv2.6.13 |        2
 linuxv2.6.13 |        2
 linuxv2.6.13 |        2
 linuxv2.6.13 |        2
 linuxv2.6.13 |        2
 linuxv2.6.13 |        2
 linuxv2.6.13 |        2
 linuxv2.6.13 |        2
 linuxv2.6.13 |        2
 linuxv2.6.13 |        2
 linuxv2.6.13 |        2
 linuxv2.6.13 |        2
 linuxv2.6.13 |        2
 linuxv2.6.13 |        2
 linuxv2.6.13 |        2
 linuxv2.6.13 |        2
 linuxv2.6.13 |        2
 linuxv2.6.13 |        2
 linuxv2.6.13 |        2
 linuxv2.6.13 |        2
 linuxv2.6.13 |        2
 linuxv2.6.13 |        2
 linuxv2.6.13 |        2
 linuxv2.6.13 |        2
 linuxv2.6.13 |        2
 linuxv2.6.13 |        2
 linuxv2.6.13 |        2
 linuxv2.6.13 |        2
 linuxv2.6.13 |        2
 linuxv2.6.13 |        2
 linuxv2.6.13 |        2
 linuxv2.6.13 |        2
 linuxv2.6.13 |        2
 linuxv2.6.13 |        2
 linuxv2.6.13 |        2
 linuxv2.6.13 |        2
 linuxv2.6.13 |        2
 linuxv2.6.13 |        2
 linuxv2.6.13 |        2
 linuxv2.6.13 |        2
 linuxv2.6.13 |        2
 linuxv2.6.13 |        2
 linuxv2.6.13 |        2
 linuxv2.6.13 |        2
 linuxv2.6.13 |        2
 linuxv2.6.13 |        2
 linuxv2.6.13 |        2
 linuxv2.6.13 |        2
 linuxv2.6.13 |        2
 linuxv2.6.13 |        2
 linuxv2.6.13 |        2
 linuxv2.6.13 |        2
 linuxv2.6.13 |        2
 linuxv2.6.13 |        2
 linuxv2.6.13 |        2
 linuxv2.6.13 |        2
 linuxv2.6.13 |        2
 linuxv2.6.13 |        2
 linuxv2.6.13 |        2
 linuxv2.6.13 |        2
 linuxv2.6.13 |        2
 linuxv2.6.13 |        2
 linuxv2.6.13 |        2
 linuxv2.6.13 |        2
 linuxv2.6.13 |        2
 linuxv2.6.13 |        2
 linuxv2.6.13 |        2
 linuxv2.6.13 |        2
 linuxv2.6.13 |        2
 linuxv2.6.13 |        2
 linuxv2.6.13 |        2
 linuxv2.6.13 |        2
 linuxv2.6.13 |        2
 linuxv2.6.13 |        2
 linuxv2.6.13 |        2
 linuxv2.6.13 |        2
 linuxv2.6.13 |        2
 linuxv2.6.13 |        2
 linuxv2.6.13 |        2
 linuxv2.6.13 |        2
 linuxv2.6.13 |        2
 linuxv2.6.13 |        2
 linuxv2.6.13 |        2
 linuxv2.6.13 |        2
 linuxv2.6.13 |        2
 linuxv2.6.13 |        2
 linuxv2.6.13 |        2
 linuxv2.6.13 |        2
 linuxv2.6.13 |        2
 linuxv2.6.13 |        2
 linuxv2.6.13 |        2
 linuxv2.6.13 |        2
 linuxv2.6.13 |        2
 linuxv2.6.13 |        2
 linuxv2.6.13 |        2
 linuxv2.6.13 |        2
 linuxv2.6.13 |        2
 linuxv2.6.13 |        2
 linuxv2.6.13 |        2
 linuxv2.6.13 |        2
 linuxv2.6.13 |        2
 linuxv2.6.13 |        2
 linuxv2.6.13 |        2
 linuxv2.6.13 |        2
 linuxv2.6.13 |        2
 linuxv2.6.13 |        2
 linuxv2.6.13 |        2
 linuxv2.6.13 |        1
 linuxv2.6.13 |        1
 linuxv2.6.13 |        1
 linuxv2.6.13 |        1
 linuxv2.6.13 |        1
 linuxv2.6.13 |        1
 linuxv2.6.13 |        1
 linuxv2.6.13 |        1
 linuxv2.6.13 |        1
 linuxv2.6.13 |        1
 linuxv2.6.13 |        1
 linuxv2.6.13 |        1
 linuxv2.6.13 |        1
 linuxv2.6.13 |        1
 linuxv2.6.13 |        1
 linuxv2.6.13 |        1
 linuxv2.6.13 |        1
 linuxv2.6.13 |        1
 linuxv2.6.13 |        1
 linuxv2.6.13 |        1
 linuxv2.6.13 |        1
 linuxv2.6.13 |        1
 linuxv2.6.13 |        1
 linuxv2.6.13 |        1
 linuxv2.6.13 |        1
 linuxv2.6.13 |        1
 linuxv2.6.13 |        1
 linuxv2.6.13 |        1
 linuxv2.6.13 |        1
 linuxv2.6.13 |        1
 linuxv2.6.13 |        1
 linuxv2.6.13 |        1
 linuxv2.6.13 |        1
 linuxv2.6.13 |        1
 linuxv2.6.13 |        1
 linuxv2.6.13 |        1
 linuxv2.6.13 |        1
 linuxv2.6.13 |        1
 linuxv2.6.13 |        1
 linuxv2.6.13 |        1
 linuxv2.6.13 |        1
 linuxv2.6.13 |        1
 linuxv2.6.13 |        1
 linuxv2.6.13 |        1
 linuxv2.6.13 |        1
 linuxv2.6.13 |        1
 linuxv2.6.13 |        1
 linuxv2.6.13 |        1
 linuxv2.6.13 |        1
 linuxv2.6.13 |        1
 linuxv2.6.13 |        1
 linuxv2.6.13 |        1
 linuxv2.6.13 |        1
 linuxv2.6.13 |        1
 linuxv2.6.13 |        1
 linuxv2.6.13 |        1
 linuxv2.6.13 |        1
 linuxv2.6.13 |        1
 linuxv2.6.13 |        1
 linuxv2.6.13 |        1
 linuxv2.6.13 |        1
 linuxv2.6.13 |        1
 linuxv2.6.13 |        1
 linuxv2.6.13 |        1
 linuxv2.6.13 |        1
 linuxv2.6.13 |        1
 linuxv2.6.13 |        1
 linuxv2.6.13 |        1
 linuxv2.6.13 |        1
 linuxv2.6.13 |        1
 linuxv2.6.13 |        1
 linuxv2.6.13 |        1
 linuxv2.6.13 |        1
 linuxv2.6.13 |        1
 linuxv2.6.13 |        1
 linuxv2.6.13 |        1
 linuxv2.6.13 |        1
 linuxv2.6.13 |        1
 linuxv2.6.13 |        1
 linuxv2.6.13 |        1
 linuxv2.6.13 |        1
 linuxv2.6.13 |        1
 linuxv2.6.13 |        1
 linuxv2.6.13 |        1
 linuxv2.6.13 |        1
 linuxv2.6.13 |        1
 linuxv2.6.13 |        1
 linuxv2.6.13 |        1
 linuxv2.6.13 |        1
 linuxv2.6.13 |        1
 linuxv2.6.13 |        1
 linuxv2.6.13 |        1
 linuxv2.6.13 |        1
 linuxv2.6.13 |        1
 linuxv2.6.13 |        1
 linuxv2.6.13 |        1
 linuxv2.6.13 |        1
 linuxv2.6.13 |        1
 linuxv2.6.13 |        1
 linuxv2.6.13 |        1
 linuxv2.6.13 |        1
 linuxv2.6.13 |        1
 linuxv2.6.13 |        1
 linuxv2.6.13 |        1
 linuxv2.6.13 |        1
 linuxv2.6.13 |        1
 linuxv2.6.13 |        1
 linuxv2.6.13 |        1
 linuxv2.6.13 |        1
 linuxv2.6.13 |        1
 linuxv2.6.13 |        1
 linuxv2.6.13 |        1
 linuxv2.6.13 |        1
 linuxv2.6.13 |        1
 linuxv2.6.13 |        1
 linuxv2.6.13 |        1
 linuxv2.6.13 |        1
 linuxv2.6.13 |        1
 linuxv2.6.13 |        1
 linuxv2.6.13 |        1
 linuxv2.6.13 |        1
 linuxv2.6.13 |        1
 linuxv2.6.13 |        1
 linuxv2.6.13 |        1
 linuxv2.6.13 |        1
 linuxv2.6.13 |        1
 linuxv2.6.13 |        1
 linuxv2.6.13 |        1
 linuxv2.6.13 |        1
 linuxv2.6.13 |        1
 linuxv2.6.13 |        1
 linuxv2.6.13 |        1
 linuxv2.6.13 |        1
 linuxv2.6.13 |        1
 linuxv2.6.13 |        1
 linuxv2.6.13 |        1
 linuxv2.6.13 |        1
 linuxv2.6.13 |        1
 linuxv2.6.13 |        1
 linuxv2.6.13 |        1
 linuxv2.6.13 |        1
 linuxv2.6.13 |        1
 linuxv2.6.13 |        1
 linuxv2.6.13 |        1
 linuxv2.6.13 |        1
 linuxv2.6.13 |        1
 linuxv2.6.13 |        1
 linuxv2.6.13 |        1
 linuxv2.6.13 |        1
 linuxv2.6.13 |        1
 linuxv2.6.13 |        1
 linuxv2.6.13 |        1
 linuxv2.6.13 |        1
 linuxv2.6.13 |        1
 linuxv2.6.13 |        1
 linuxv2.6.13 |        1
 linuxv2.6.13 |        1
 linuxv2.6.13 |        1
 linuxv2.6.13 |        1
 linuxv2.6.13 |        1
 linuxv2.6.13 |        1
 linuxv2.6.13 |        1
 linuxv2.6.13 |        1
 linuxv2.6.13 |        1
 linuxv2.6.13 |        1
 linuxv2.6.13 |        1
 linuxv2.6.13 |        1
 linuxv2.6.13 |        1
 linuxv2.6.13 |        1
 linuxv2.6.13 |        1
 linuxv2.6.13 |        1
 linuxv2.6.13 |        1
 linuxv2.6.13 |        1
 linuxv2.6.13 |        1
 linuxv2.6.13 |        1
 linuxv2.6.13 |        1
 linuxv2.6.13 |        1
 linuxv2.6.13 |        1
 linuxv2.6.13 |        1
 linuxv2.6.13 |        1
 linuxv2.6.13 |        1
 linuxv2.6.13 |        1
 linuxv2.6.13 |        1
 linuxv2.6.13 |        1
 linuxv2.6.13 |        1
 linuxv2.6.13 |        1
 linuxv2.6.13 |        1
 linuxv2.6.13 |        1
 linuxv2.6.13 |        1
 linuxv2.6.13 |        1
 linuxv2.6.13 |        1
 linuxv2.6.13 |        1
 linuxv2.6.13 |        1
 linuxv2.6.13 |        1
 linuxv2.6.13 |        1
 linuxv2.6.13 |        1
 linuxv2.6.13 |        1
 linuxv2.6.13 |        1
 linuxv2.6.13 |        1
 linuxv2.6.13 |        1
 linuxv2.6.13 |        1
 linuxv2.6.13 |        1
 linuxv2.6.13 |        1
 linuxv2.6.13 |        1
 linuxv2.6.13 |        1
 linuxv2.6.13 |        1
 linuxv2.6.13 |        1
 linuxv2.6.13 |        1
 linuxv2.6.13 |        1
 linuxv2.6.13 |        1
 linuxv2.6.13 |        1
 linuxv2.6.13 |        1
 linuxv2.6.13 |        1
 linuxv2.6.13 |        1
 linuxv2.6.13 |        1
 linuxv2.6.13 |        1
 linuxv2.6.13 |        1
 linuxv2.6.13 |        1
 linuxv2.6.13 |        1
 linuxv2.6.13 |        1
 linuxv2.6.13 |        1
 linuxv2.6.13 |        1
 linuxv2.6.13 |        1
 linuxv2.6.13 |        1
 linuxv2.6.13 |        1
 linuxv2.6.13 |        1
 linuxv2.6.13 |        1
 linuxv2.6.13 |        1
 linuxv2.6.13 |        1
 linuxv2.6.13 |        1
 linuxv2.6.13 |        1
 linuxv2.6.13 |        1
 linuxv2.6.13 |        1
 linuxv2.6.13 |        1
 linuxv2.6.13 |        1
 linuxv2.6.13 |        1
 linuxv2.6.13 |        1
 linuxv2.6.13 |        1
 linuxv2.6.13 |        1
 linuxv2.6.13 |        1
 linuxv2.6.13 |        1
 linuxv2.6.13 |        1
 linuxv2.6.13 |        1
 linuxv2.6.13 |        1
 linuxv2.6.13 |        1
 linuxv2.6.13 |        1
 linuxv2.6.13 |        1
 linuxv2.6.13 |        1
 linuxv2.6.13 |        1
 linuxv2.6.13 |        1
 linuxv2.6.13 |        1
 linuxv2.6.13 |        1
 linuxv2.6.13 |        1
 linuxv2.6.13 |        1
 linuxv2.6.13 |        1
 linuxv2.6.13 |        1
 linuxv2.6.13 |        1
 linuxv2.6.13 |        1
 linuxv2.6.13 |        1
 linuxv2.6.13 |        1
 linuxv2.6.13 |        1
 linuxv2.6.13 |        1
 linuxv2.6.13 |        1
 linuxv2.6.13 |        1
 linuxv2.6.13 |        1
 linuxv2.6.13 |        1
 linuxv2.6.13 |        1
 linuxv2.6.13 |        1
 linuxv2.6.13 |        1
 linuxv2.6.13 |        1
 linuxv2.6.13 |        1
 linuxv2.6.13 |        1
 linuxv2.6.13 |        1
 linuxv2.6.13 |        1
 linuxv2.6.13 |        1
 linuxv2.6.13 |        1
 linuxv2.6.13 |        1
 linuxv2.6.13 |        1
 linuxv2.6.13 |        1
 linuxv2.6.13 |        1
 linuxv2.6.13 |        1
 linuxv2.6.13 |        1
 linuxv2.6.13 |        1
 linuxv2.6.13 |        1
 linuxv2.6.13 |        1
 linuxv2.6.13 |        1
 linuxv2.6.13 |        1
 linuxv2.6.13 |        1
 linuxv2.6.13 |        1
 linuxv2.6.13 |        1
 linuxv2.6.13 |        1
 linuxv2.6.13 |        1
 linuxv2.6.13 |        1
 linuxv2.6.13 |        1
 linuxv2.6.13 |        1
 linuxv2.6.13 |        1
 linuxv2.6.13 |        1
 linuxv2.6.13 |        1
 linuxv2.6.13 |        1
 linuxv2.6.13 |        1
 linuxv2.6.13 |        1
 linuxv2.6.13 |        1
 linuxv2.6.13 |        1
 linuxv2.6.13 |        1
 linuxv2.6.13 |        1
 linuxv2.6.13 |        1
 linuxv2.6.13 |        1
 linuxv2.6.13 |        1
 linuxv2.6.13 |        1
 linuxv2.6.13 |        1
 linuxv2.6.13 |        1
 linuxv2.6.13 |        1
 linuxv2.6.13 |        1
 linuxv2.6.13 |        1
 linuxv2.6.13 |        1
 linuxv2.6.13 |        1
 linuxv2.6.13 |        1
 linuxv2.6.13 |        1
 linuxv2.6.13 |        1
 linuxv2.6.13 |        1
 linuxv2.6.13 |        1
 linuxv2.6.13 |        1
 linuxv2.6.13 |        1
 linuxv2.6.13 |        1
 linuxv2.6.13 |        1
 linuxv2.6.13 |        1
 linuxv2.6.13 |        1
 linuxv2.6.13 |        1
 linuxv2.6.13 |        1
 linuxv2.6.13 |        1
 linuxv2.6.13 |        1
 linuxv2.6.13 |        1
 linuxv2.6.13 |        1
 linuxv2.6.13 |        1
 linuxv2.6.13 |        1
 linuxv2.6.13 |        1
 linuxv2.6.13 |        1
 linuxv2.6.13 |        1
 linuxv2.6.13 |        1
 linuxv2.6.13 |        1
 linuxv2.6.13 |        1
 linuxv2.6.13 |        1
 linuxv2.6.13 |        1
 linuxv2.6.13 |        1
 linuxv2.6.13 |        1
 linuxv2.6.13 |        1
 linuxv2.6.13 |        1
 linuxv2.6.13 |        1
 linuxv2.6.13 |        1
 linuxv2.6.13 |        1
 linuxv2.6.13 |        1
 linuxv2.6.13 |        1
 linuxv2.6.13 |        1
 linuxv2.6.13 |        1
 linuxv2.6.13 |        1
 linuxv2.6.13 |        1
 linuxv2.6.13 |        1
 linuxv2.6.13 |        1
 linuxv2.6.13 |        1
 linuxv2.6.13 |        1
 linuxv2.6.13 |        1
 linuxv2.6.13 |        1
 linuxv2.6.13 |        1
 linuxv2.6.13 |        1
 linuxv2.6.13 |        1
 linuxv2.6.13 |        1
 linuxv2.6.13 |        1
 linuxv2.6.13 |        1
 linuxv2.6.13 |        1
 linuxv2.6.13 |        1
 linuxv2.6.13 |        1
 linuxv2.6.13 |        1
 linuxv2.6.13 |        1
 linuxv2.6.13 |        1
 linuxv2.6.13 |        1
 linuxv2.6.13 |        1
 linuxv2.6.13 |        1
 linuxv2.6.13 |        1
 linuxv2.6.13 |        1
 linuxv2.6.13 |        1
 linuxv2.6.13 |        1
 linuxv2.6.13 |        1
 linuxv2.6.13 |        1
 linuxv2.6.13 |        1
 linuxv2.6.13 |        1
 linuxv2.6.13 |        1
 linuxv2.6.13 |        1
 linuxv2.6.13 |        1
 linuxv2.6.13 |        1
 linuxv2.6.13 |        1
 linuxv2.6.13 |        1
 linuxv2.6.13 |        1
 linuxv2.6.13 |        1
 linuxv2.6.13 |        1
 linuxv2.6.13 |        1
 linuxv2.6.13 |        1
 linuxv2.6.13 |        1
 linuxv2.6.13 |        1
 linuxv2.6.13 |        1
 linuxv2.6.13 |        1
 linuxv2.6.13 |        1
 linuxv2.6.13 |        1
 linuxv2.6.13 |        1
 linuxv2.6.13 |        1
 linuxv2.6.13 |        1
 linuxv2.6.13 |        1
 linuxv2.6.13 |        1
 linuxv2.6.13 |        1
 linuxv2.6.13 |        1
 linuxv2.6.13 |        1
 linuxv2.6.13 |        1
 linuxv2.6.13 |        1
 linuxv2.6.13 |        1
 linuxv2.6.13 |        1
 linuxv2.6.13 |        1
 linuxv2.6.13 |        1
 linuxv2.6.13 |        1
 linuxv2.6.13 |        1
 linuxv2.6.13 |        1
 linuxv2.6.13 |        1
 linuxv2.6.13 |        1
 linuxv2.6.13 |        1
 linuxv2.6.13 |        1
 linuxv2.6.13 |        1
 linuxv2.6.13 |        1
 linuxv2.6.13 |        1
 linuxv2.6.13 |        1
 linuxv2.6.13 |        1
 linuxv2.6.13 |        1
 linuxv2.6.13 |        1
 linuxv2.6.13 |        1
 linuxv2.6.13 |        1
 linuxv2.6.13 |        1
 linuxv2.6.13 |        1
 linuxv2.6.13 |        1
 linuxv2.6.13 |        1
 linuxv2.6.13 |        1
 linuxv2.6.13 |        1
 linuxv2.6.13 |        1
 linuxv2.6.13 |        1
 linuxv2.6.13 |        1
 linuxv2.6.13 |        1
 linuxv2.6.13 |        1
 linuxv2.6.13 |        1
 linuxv2.6.13 |        1
 linuxv2.6.13 |        1
 linuxv2.6.13 |        1
 linuxv2.6.13 |        1
 linuxv2.6.13 |        1
 linuxv2.6.13 |        1
 linuxv2.6.13 |        1
 linuxv2.6.13 |        1
 linuxv2.6.13 |        1
 linuxv2.6.13 |        1
 linuxv2.6.13 |        1
 linuxv2.6.13 |        1
 linuxv2.6.13 |        1
 linuxv2.6.13 |        1
 linuxv2.6.13 |        1
 linuxv2.6.13 |        1
 linuxv2.6.13 |        1
 linuxv2.6.13 |        1
 linuxv2.6.13 |        1
 linuxv2.6.13 |        1
 linuxv2.6.13 |        1
 linuxv2.6.13 |        1
 linuxv2.6.13 |        1
 linuxv2.6.13 |        1
 linuxv2.6.13 |        1
 linuxv2.6.13 |        1
 linuxv2.6.13 |        1
 linuxv2.6.13 |        1
 linuxv2.6.13 |        1
 linuxv2.6.13 |        1
 linuxv2.6.13 |        1
 linuxv2.6.13 |        1
 linuxv2.6.13 |        1
 linuxv2.6.13 |        1
 linuxv2.6.13 |        1
 linuxv2.6.13 |        1
 linuxv2.6.13 |        1
 linuxv2.6.13 |        1
 linuxv2.6.13 |        1
 linuxv2.6.13 |        1
 linuxv2.6.13 |        1
 linuxv2.6.13 |        1
 linuxv2.6.13 |        1
 linuxv2.6.13 |        1
 linuxv2.6.13 |        1
 linuxv2.6.13 |        1
 linuxv2.6.13 |        1
 linuxv2.6.13 |        1
 linuxv2.6.13 |        1
 linuxv2.6.13 |        1
 linuxv2.6.13 |        1
 linuxv2.6.13 |        1
 linuxv2.6.13 |        1
 linuxv2.6.13 |        1
 linuxv2.6.13 |        1
 linuxv2.6.13 |        1
 linuxv2.6.13 |        1
 linuxv2.6.13 |        1
 linuxv2.6.13 |        1
 linuxv2.6.13 |        1
 linuxv2.6.13 |        1
 linuxv2.6.13 |        1
 linuxv2.6.13 |        1
 linuxv2.6.13 |        1
 linuxv2.6.13 |        1
 linuxv2.6.13 |        1
 linuxv2.6.13 |        1
 linuxv2.6.13 |        1
 linuxv2.6.13 |        1
 linuxv2.6.13 |        1
 linuxv2.6.13 |        1
 linuxv2.6.13 |        1
 linuxv2.6.13 |        1
 linuxv2.6.13 |        1
 linuxv2.6.13 |        1
 linuxv2.6.13 |        1
 linuxv2.6.13 |        1
 linuxv2.6.13 |        1
 linuxv2.6.13 |        1
 linuxv2.6.13 |        1
 linuxv2.6.13 |        1
 linuxv2.6.13 |        1
 linuxv2.6.13 |        1
 linuxv2.6.13 |        1
 linuxv2.6.13 |        1
 linuxv2.6.13 |        1
 linuxv2.6.13 |        1
 linuxv2.6.13 |        1
 linuxv2.6.13 |        1
 linuxv2.6.13 |        1
 linuxv2.6.13 |        1
 linuxv2.6.13 |        1
 linuxv2.6.13 |        1
 linuxv2.6.13 |        1
 linuxv2.6.13 |        1
 linuxv2.6.13 |        1
 linuxv2.6.13 |        1
 linuxv2.6.13 |        1
 linuxv2.6.13 |        1
 linuxv2.6.13 |        1
 linuxv2.6.13 |        1
 linuxv2.6.13 |        1
 linuxv2.6.13 |        1
 linuxv2.6.13 |        1
 linuxv2.6.13 |        1
 linuxv2.6.13 |        1
 linuxv2.6.13 |        1
 linuxv2.6.13 |        1
 linuxv2.6.13 |        1
 linuxv2.6.13 |        1
 linuxv2.6.13 |        1
 linuxv2.6.13 |        1
 linuxv2.6.13 |        1
 linuxv2.6.13 |        1
 linuxv2.6.13 |        1
 linuxv2.6.13 |        1
 linuxv2.6.13 |        1
 linuxv2.6.13 |        1
 linuxv2.6.13 |        1
 linuxv2.6.13 |        1
 linuxv2.6.13 |        1
 linuxv2.6.13 |        1
 linuxv2.6.13 |        1
 linuxv2.6.13 |        1
 linuxv2.6.13 |        1
 linuxv2.6.13 |        1
 linuxv2.6.13 |        1
 linuxv2.6.13 |        1
 linuxv2.6.13 |        1
 linuxv2.6.13 |        1
 linuxv2.6.13 |        1
 linuxv2.6.13 |        1
 linuxv2.6.13 |        1
 linuxv2.6.13 |        1
 linuxv2.6.13 |        1
 linuxv2.6.13 |        1
 linuxv2.6.13 |        1
 linuxv2.6.13 |        1
 linuxv2.6.13 |        1
 linuxv2.6.13 |        1
 linuxv2.6.13 |        1
 linuxv2.6.13 |        1
 linuxv2.6.13 |        1
 linuxv2.6.13 |        1
 linuxv2.6.13 |        1
 linuxv2.6.13 |        1
 linuxv2.6.13 |        1
 linuxv2.6.13 |        1
 linuxv2.6.13 |        1
 linuxv2.6.13 |        1
 linuxv2.6.13 |        1
 linuxv2.6.13 |        1
 linuxv2.6.13 |        1
 linuxv2.6.13 |        1
 linuxv2.6.13 |        1
 linuxv2.6.13 |        1
 linuxv2.6.13 |        1
 linuxv2.6.13 |        1
 linuxv2.6.13 |        1
 linuxv2.6.13 |        1
 linuxv2.6.13 |        1
 linuxv2.6.13 |        1
 linuxv2.6.13 |        1
 linuxv2.6.13 |        1
 linuxv2.6.13 |        1
 linuxv2.6.13 |        1
 linuxv2.6.13 |        1
 linuxv2.6.13 |        1
 linuxv2.6.13 |        1
 linuxv2.6.13 |        1
 linuxv2.6.13 |        1
 linuxv2.6.13 |        1
 linuxv2.6.13 |        1
 linuxv2.6.13 |        1
 linuxv2.6.13 |        1
 linuxv2.6.13 |        1
 linuxv2.6.13 |        1
 linuxv2.6.13 |        1
 linuxv2.6.13 |        1
 linuxv2.6.13 |        1
 linuxv2.6.13 |        1
 linuxv2.6.13 |        1
 linuxv2.6.13 |        1
 linuxv2.6.13 |        1
 linuxv2.6.13 |        1
 linuxv2.6.13 |        1
 linuxv2.6.13 |        1
 linuxv2.6.13 |        1
 linuxv2.6.13 |        1
 linuxv2.6.13 |        1
 linuxv2.6.13 |        1
 linuxv2.6.13 |        1
 linuxv2.6.13 |        1
 linuxv2.6.13 |        1
 linuxv2.6.13 |        1
 linuxv2.6.13 |        1
 linuxv2.6.13 |        1
 linuxv2.6.13 |        1
 linuxv2.6.13 |        1
 linuxv2.6.13 |        1
 linuxv2.6.13 |        1
 linuxv2.6.13 |        1
 linuxv2.6.13 |        1
 linuxv2.6.13 |        1
 linuxv2.6.13 |        1
 linuxv2.6.13 |        1
 linuxv2.6.13 |        1
 linuxv2.6.13 |        1
 linuxv2.6.13 |        1
 linuxv2.6.13 |        1
 linuxv2.6.13 |        1
 linuxv2.6.13 |        1
 linuxv2.6.13 |        1
 linuxv2.6.13 |        1
 linuxv2.6.13 |        1
 linuxv2.6.13 |        1
 linuxv2.6.13 |        1
 linuxv2.6.13 |        1
 linuxv2.6.13 |        1
 linuxv2.6.13 |        1
 linuxv2.6.13 |        1
 linuxv2.6.13 |        1
 linuxv2.6.13 |        1
 linuxv2.6.13 |        1
 linuxv2.6.13 |        1
 linuxv2.6.13 |        1
 linuxv2.6.13 |        1
 linuxv2.6.13 |        1
 linuxv2.6.13 |        1
 linuxv2.6.13 |        1
 linuxv2.6.13 |        1
 linuxv2.6.13 |        1
 linuxv2.6.13 |        1
 linuxv2.6.13 |        1
 linuxv2.6.13 |        1
 linuxv2.6.13 |        1
 linuxv2.6.13 |        1
 linuxv2.6.13 |        1
 linuxv2.6.13 |        1
 linuxv2.6.13 |        1
 linuxv2.6.13 |        1
 linuxv2.6.13 |        1
 linuxv2.6.13 |        1
 linuxv2.6.13 |        1
 linuxv2.6.13 |        1
 linuxv2.6.13 |        1
 linuxv2.6.13 |        1
 linuxv2.6.13 |        1
 linuxv2.6.13 |        1
 linuxv2.6.13 |        1
 linuxv2.6.13 |        1
 linuxv2.6.13 |        1
 linuxv2.6.13 |        1
 linuxv2.6.13 |        1
 linuxv2.6.13 |        1
 linuxv2.6.13 |        1
 linuxv2.6.13 |        1
 linuxv2.6.13 |        1
 linuxv2.6.13 |        1
 linuxv2.6.13 |        1
 linuxv2.6.13 |        1
 linuxv2.6.13 |        1
 linuxv2.6.13 |        1
 linuxv2.6.13 |        1
 linuxv2.6.13 |        1
 linuxv2.6.13 |        1
 linuxv2.6.13 |        1
 linuxv2.6.13 |        1
 linuxv2.6.13 |        1
 linuxv2.6.13 |        1
 linuxv2.6.13 |        1
 linuxv2.6.13 |        1
 linuxv2.6.13 |        1
 linuxv2.6.13 |        1
 linuxv2.6.13 |        1
 linuxv2.6.13 |        1
 linuxv2.6.13 |        1
 linuxv2.6.13 |        1
 linuxv2.6.13 |        1
 linuxv2.6.13 |        1
 linuxv2.6.13 |        1
 linuxv2.6.13 |        1
 linuxv2.6.13 |        1
 linuxv2.6.13 |        1
 linuxv2.6.13 |        1
 linuxv2.6.13 |        1
 linuxv2.6.13 |        1
 linuxv2.6.13 |        1
 linuxv2.6.13 |        1
 linuxv2.6.13 |        1
 linuxv2.6.13 |        1
 linuxv2.6.13 |        1
 linuxv2.6.13 |        1
 linuxv2.6.13 |        1
 linuxv2.6.13 |        1
 linuxv2.6.13 |        1
 linuxv2.6.13 |        1
 linuxv2.6.13 |        1
 linuxv2.6.13 |        1
 linuxv2.6.13 |        1
 linuxv2.6.13 |        1
 linuxv2.6.13 |        1
 linuxv2.6.13 |        1
 linuxv2.6.13 |        1
 linuxv2.6.13 |        1
 linuxv2.6.13 |        1
 linuxv2.6.13 |        1
 linuxv2.6.13 |        1
 linuxv2.6.13 |        1
 linuxv2.6.13 |        1
 linuxv2.6.13 |        1
 linuxv2.6.13 |        1
 linuxv2.6.13 |        1
 linuxv2.6.13 |        1
 linuxv2.6.13 |        1
 linuxv2.6.13 |        1
 linuxv2.6.13 |        1
 linuxv2.6.13 |        1
 linuxv2.6.13 |        1
 linuxv2.6.13 |        1
 linuxv2.6.13 |        1
 linuxv2.6.13 |        1
 linuxv2.6.13 |        1
 linuxv2.6.13 |        1
 linuxv2.6.13 |        1
 linuxv2.6.13 |        1
 linuxv2.6.13 |        1
 linuxv2.6.13 |        1
 linuxv2.6.13 |        1
 linuxv2.6.13 |        1
 linuxv2.6.13 |        1
 linuxv2.6.13 |        1
 linuxv2.6.13 |        1
 linuxv2.6.13 |        1
 linuxv2.6.13 |        1
 linuxv2.6.13 |        1
 linuxv2.6.13 |        1
 linuxv2.6.13 |        1
 linuxv2.6.13 |        1
 linuxv2.6.13 |        1
 linuxv2.6.13 |        1
 linuxv2.6.13 |        1
 linuxv2.6.13 |        1
 linuxv2.6.13 |        1
 linuxv2.6.13 |        1
 linuxv2.6.13 |        1
 linuxv2.6.13 |        1
 linuxv2.6.13 |        1
 linuxv2.6.13 |        1
 linuxv2.6.13 |        1
 linuxv2.6.13 |        1
 linuxv2.6.13 |        1
 linuxv2.6.13 |        1
 linuxv2.6.13 |        1
 linuxv2.6.13 |        1
 linuxv2.6.13 |        1
 linuxv2.6.13 |        1
 linuxv2.6.13 |        1
 linuxv2.6.13 |        1
 linuxv2.6.13 |        1
 linuxv2.6.13 |        1
 linuxv2.6.13 |        1
 linuxv2.6.13 |        1
 linuxv2.6.13 |        1
 linuxv2.6.13 |        1
 linuxv2.6.13 |        1
 linuxv2.6.13 |        1
 linuxv2.6.13 |        1
 linuxv2.6.13 |        1
 linuxv2.6.13 |        1
 linuxv2.6.13 |        1
 linuxv2.6.13 |        1
 linuxv2.6.13 |        1
 linuxv2.6.13 |        1
 linuxv2.6.13 |        1
 linuxv2.6.13 |        1
 linuxv2.6.13 |        1
 linuxv2.6.13 |        1
 linuxv2.6.13 |        1
 linuxv2.6.13 |        1
 linuxv2.6.13 |        1
 linuxv2.6.13 |        1
 linuxv2.6.13 |        1
 linuxv2.6.13 |        1
 linuxv2.6.13 |        1
 linuxv2.6.13 |        1
 linuxv2.6.13 |        1
 linuxv2.6.13 |        1
 linuxv2.6.13 |        1
 linuxv2.6.13 |        1
 linuxv2.6.13 |        1
 linuxv2.6.13 |        1
 linuxv2.6.13 |        1
 linuxv2.6.13 |        1
 linuxv2.6.13 |        1
 linuxv2.6.13 |        1
 linuxv2.6.13 |        1
 linuxv2.6.13 |        1
 linuxv2.6.13 |        1
 linuxv2.6.13 |        1
 linuxv2.6.13 |        1
 linuxv2.6.13 |        1
 linuxv2.6.13 |        1
 linuxv2.6.13 |        1
 linuxv2.6.13 |        1
 linuxv2.6.13 |        1
 linuxv2.6.13 |        1
 linuxv2.6.13 |        1
 linuxv2.6.13 |        1
 linuxv2.6.13 |        1
 linuxv2.6.13 |        1
 linuxv2.6.13 |        1
 linuxv2.6.13 |        1
 linuxv2.6.13 |        1
 linuxv2.6.13 |        1
 linuxv2.6.13 |        1
 linuxv2.6.13 |        1
 linuxv2.6.13 |        1
 linuxv2.6.13 |        1
 linuxv2.6.13 |        1
 linuxv2.6.13 |        1
 linuxv2.6.13 |        1
 linuxv2.6.13 |        1
 linuxv2.6.13 |        1
 linuxv2.6.13 |        1
 linuxv2.6.13 |        1
 linuxv2.6.13 |        1
 linuxv2.6.13 |        1
 linuxv2.6.13 |        1
 linuxv2.6.13 |        1
 linuxv2.6.13 |        1
 linuxv2.6.13 |        1
 linuxv2.6.13 |        1
 linuxv2.6.13 |        1
 linuxv2.6.13 |        1
 linuxv2.6.13 |        1
 linuxv2.6.13 |        1
 linuxv2.6.13 |        1
 linuxv2.6.13 |        1
 linuxv2.6.13 |        1
 linuxv2.6.13 |        1
 linuxv2.6.13 |        1
 linuxv2.6.13 |        1
 linuxv2.6.13 |        1
 linuxv2.6.13 |        1
 linuxv2.6.13 |        1
 linuxv2.6.13 |        1
 linuxv2.6.13 |        1
 linuxv2.6.13 |        1
 linuxv2.6.13 |        1
 linuxv2.6.13 |        1
 linuxv2.6.13 |        1
 linuxv2.6.13 |        1
 linuxv2.6.13 |        1
 linuxv2.6.13 |        1
 linuxv2.6.13 |        1
 linuxv2.6.13 |        1
 linuxv2.6.13 |        1
 linuxv2.6.13 |        1
 linuxv2.6.13 |        1
 linuxv2.6.13 |        1
 linuxv2.6.13 |        1
 linuxv2.6.13 |        1
 linuxv2.6.13 |        1
 linuxv2.6.13 |        1
 linuxv2.6.13 |        1
 linuxv2.6.13 |        1
 linuxv2.6.13 |        1
 linuxv2.6.13 |        1
 linuxv2.6.13 |        1
 linuxv2.6.13 |        1
 linuxv2.6.13 |        1
 linuxv2.6.13 |        1
 linuxv2.6.13 |        1
 linuxv2.6.13 |        1
 linuxv2.6.13 |        1
 linuxv2.6.13 |        1
 linuxv2.6.13 |        1
 linuxv2.6.13 |        1
 linuxv2.6.13 |        1
 linuxv2.6.13 |        1
 linuxv2.6.13 |        1
 linuxv2.6.13 |        1
 linuxv2.6.13 |        1
 linuxv2.6.13 |        1
 linuxv2.6.13 |        1
 linuxv2.6.13 |        1
 linuxv2.6.13 |        1
 linuxv2.6.13 |        1
 linuxv2.6.13 |        1
 linuxv2.6.13 |        1
 linuxv2.6.13 |        1
 linuxv2.6.13 |        1
 linuxv2.6.13 |        1
 linuxv2.6.13 |        1
 linuxv2.6.13 |        1
 linuxv2.6.13 |        1
 linuxv2.6.13 |        1
 linuxv2.6.13 |        1
 linuxv2.6.13 |        1
 linuxv2.6.13 |        1
 linuxv2.6.13 |        1
 linuxv2.6.13 |        1
 linuxv2.6.13 |        1
 linuxv2.6.13 |        1
 linuxv2.6.13 |        1
 linuxv2.6.13 |        1
 linuxv2.6.13 |        1
 linuxv2.6.13 |        1
 linuxv2.6.13 |        1
 linuxv2.6.13 |        1
 linuxv2.6.13 |        1
 linuxv2.6.13 |        1
 linuxv2.6.13 |        1
 linuxv2.6.13 |        1
 linuxv2.6.13 |        1
 linuxv2.6.13 |        1
 linuxv2.6.13 |        1
 linuxv2.6.13 |        1
 linuxv2.6.13 |        1
 linuxv2.6.13 |        1
 linuxv2.6.13 |        1
 linuxv2.6.13 |        1
 linuxv2.6.13 |        1
 linuxv2.6.13 |        1
 linuxv2.6.13 |        1
 linuxv2.6.13 |        1
 linuxv2.6.13 |        1
 linuxv2.6.13 |        1
 linuxv2.6.13 |        1
 linuxv2.6.13 |        1
 linuxv2.6.13 |        1
 linuxv2.6.13 |        1
 linuxv2.6.13 |        1
 linuxv2.6.13 |        1
 linuxv2.6.13 |        1
 linuxv2.6.13 |        1
 linuxv2.6.13 |        1
 linuxv2.6.13 |        1
 linuxv2.6.13 |        1
 linuxv2.6.13 |        1
 linuxv2.6.13 |        1
 linuxv2.6.13 |        1
 linuxv2.6.13 |        1
 linuxv2.6.13 |        1
 linuxv2.6.13 |        1
 linuxv2.6.13 |        1
 linuxv2.6.13 |        1
 linuxv2.6.13 |        1
 linuxv2.6.13 |        1
 linuxv2.6.13 |        1
 linuxv2.6.13 |        1
 linuxv2.6.13 |        1
 linuxv2.6.13 |        1
 linuxv2.6.13 |        1
 linuxv2.6.13 |        1
 linuxv2.6.13 |        1
 linuxv2.6.13 |        1
 linuxv2.6.13 |        1
 linuxv2.6.13 |        1
 linuxv2.6.13 |        1
 linuxv2.6.13 |        1
 linuxv2.6.13 |        1
 linuxv2.6.13 |        1
 linuxv2.6.13 |        1
 linuxv2.6.13 |        1
 linuxv2.6.13 |        1
 linuxv2.6.13 |        1
 linuxv2.6.13 |        1
 linuxv2.6.13 |        1
 linuxv2.6.13 |        1
 linuxv2.6.13 |        1
 linuxv2.6.13 |        1
 linuxv2.6.13 |        1
 linuxv2.6.13 |        1
 linuxv2.6.13 |        1
 linuxv2.6.13 |        1
 linuxv2.6.13 |        1
 linuxv2.6.13 |        1
 linuxv2.6.13 |        1
 linuxv2.6.13 |        1
 linuxv2.6.13 |        1
 linuxv2.6.13 |        1
 linuxv2.6.13 |        1
 linuxv2.6.13 |        1
 linuxv2.6.13 |        1
 linuxv2.6.13 |        1
 linuxv2.6.13 |        1
 linuxv2.6.13 |        1
 linuxv2.6.13 |        1
 linuxv2.6.13 |        1
 linuxv2.6.13 |        1
 linuxv2.6.13 |        1
 linuxv2.6.13 |        1
 linuxv2.6.13 |        1
 linuxv2.6.13 |        1
 linuxv2.6.13 |        1
 linuxv2.6.13 |        1
 linuxv2.6.13 |        1
 linuxv2.6.13 |        1
 linuxv2.6.13 |        1
 linuxv2.6.13 |        1
 linuxv2.6.13 |        1
 linuxv2.6.13 |        1
 linuxv2.6.13 |        1
 linuxv2.6.13 |        1
 linuxv2.6.13 |        1
 linuxv2.6.13 |        1
 linuxv2.6.13 |        1
 linuxv2.6.13 |        1
 linuxv2.6.13 |        1
 linuxv2.6.13 |        1
 linuxv2.6.13 |        1
 linuxv2.6.13 |        1
 linuxv2.6.13 |        1
 linuxv2.6.13 |        1
 linuxv2.6.13 |        1
 linuxv2.6.13 |        1
 linuxv2.6.13 |        1
 linuxv2.6.13 |        1
 linuxv2.6.13 |        1
 linuxv2.6.13 |        1
 linuxv2.6.13 |        1
 linuxv2.6.13 |        1
 linuxv2.6.13 |        1
 linuxv2.6.13 |        1
 linuxv2.6.13 |        1
 linuxv2.6.13 |        1
 linuxv2.6.13 |        1
 linuxv2.6.13 |        1
 linuxv2.6.13 |        1
 linuxv2.6.13 |        1
 linuxv2.6.13 |        1
 linuxv2.6.13 |        1
 linuxv2.6.13 |        1
 linuxv2.6.13 |        1
 linuxv2.6.13 |        1
 linuxv2.6.13 |        1
 linuxv2.6.13 |        1
 linuxv2.6.13 |        1
 linuxv2.6.13 |        1
 linuxv2.6.13 |        1
 linuxv2.6.13 |        1
 linuxv2.6.13 |        1
 linuxv2.6.13 |        1
 linuxv2.6.13 |        1
 linuxv2.6.13 |        1
 linuxv2.6.13 |        1
 linuxv2.6.13 |        1
 linuxv2.6.13 |        1
 linuxv2.6.13 |        1
 linuxv2.6.13 |        1
 linuxv2.6.13 |        1
 linuxv2.6.13 |        1
 linuxv2.6.13 |        1
 linuxv2.6.13 |        1
 linuxv2.6.13 |        1
 linuxv2.6.13 |        1
 linuxv2.6.13 |        1
 linuxv2.6.13 |        1
 linuxv2.6.13 |        1
 linuxv2.6.13 |        1
 linuxv2.6.13 |        1
 linuxv2.6.13 |        1
 linuxv2.6.13 |        1
 linuxv2.6.13 |        1
 linuxv2.6.13 |        1
 linuxv2.6.13 |        1
 linuxv2.6.13 |        1
 linuxv2.6.13 |        1
 linuxv2.6.13 |        1
 linuxv2.6.13 |        1
 linuxv2.6.13 |        1
 linuxv2.6.13 |        1
 linuxv2.6.13 |        1
 linuxv2.6.13 |        1
 linuxv2.6.13 |        1
 linuxv2.6.13 |        1
 linuxv2.6.13 |        1
 linuxv2.6.13 |        1
 linuxv2.6.13 |        1
 linuxv2.6.13 |        1
 linuxv2.6.13 |        1
 linuxv2.6.13 |        1
 linuxv2.6.13 |        1
 linuxv2.6.13 |        1
 linuxv2.6.13 |        1
 linuxv2.6.13 |        1
 linuxv2.6.13 |        1
 linuxv2.6.13 |        1
 linuxv2.6.13 |        1
 linuxv2.6.13 |        1
 linuxv2.6.13 |        1
 linuxv2.6.13 |        1
 linuxv2.6.13 |        1
 linuxv2.6.13 |        1
 linuxv2.6.13 |        1
 linuxv2.6.13 |        1
 linuxv2.6.13 |        1
 linuxv2.6.13 |        1
 linuxv2.6.13 |        1
 linuxv2.6.13 |        1
 linuxv2.6.13 |        1
 linuxv2.6.13 |        1
 linuxv2.6.13 |        1
 linuxv2.6.13 |        1
 linuxv2.6.13 |        1
 linuxv2.6.13 |        1
 linuxv2.6.13 |        1
 linuxv2.6.13 |        1
 linuxv2.6.13 |        1
 linuxv2.6.13 |        1
 linuxv2.6.13 |        1
 linuxv2.6.13 |        1
 linuxv2.6.13 |        1
 linuxv2.6.13 |        1
 linuxv2.6.13 |        1
 linuxv2.6.13 |        1
 linuxv2.6.13 |        1
 linuxv2.6.13 |        1
 linuxv2.6.13 |        1
 linuxv2.6.13 |        1
 linuxv2.6.13 |        1
 linuxv2.6.13 |        1
 linuxv2.6.13 |        1
 linuxv2.6.13 |        1
 linuxv2.6.13 |        1
 linuxv2.6.13 |        1
 linuxv2.6.13 |        1
 linuxv2.6.13 |        1
 linuxv2.6.13 |        1
 linuxv2.6.13 |        1
 linuxv2.6.13 |        1
 linuxv2.6.13 |        1
 linuxv2.6.13 |        1
 linuxv2.6.13 |        1
 linuxv2.6.13 |        1
 linuxv2.6.13 |        1
 linuxv2.6.13 |        1
 linuxv2.6.13 |        1
 linuxv2.6.13 |        1
 linuxv2.6.13 |        1
 linuxv2.6.13 |        1
 linuxv2.6.13 |        1
 linuxv2.6.13 |        1
 linuxv2.6.13 |        1
 linuxv2.6.13 |        1
 linuxv2.6.13 |        1
 linuxv2.6.13 |        1
 linuxv2.6.13 |        1
 linuxv2.6.13 |        1
 linuxv2.6.13 |        1
 linuxv2.6.13 |        1
 linuxv2.6.13 |        1
 linuxv2.6.13 |        1
 linuxv2.6.13 |        1
 linuxv2.6.13 |        1
 linuxv2.6.13 |        1
 linuxv2.6.13 |        1
 linuxv2.6.13 |        1
 linuxv2.6.13 |        1
 linuxv2.6.13 |        1
 linuxv2.6.13 |        1
 linuxv2.6.13 |        1
 linuxv2.6.13 |        1
 linuxv2.6.13 |        1
 linuxv2.6.13 |        1
 linuxv2.6.13 |        1
 linuxv2.6.13 |        1
 linuxv2.6.13 |        1
 linuxv2.6.13 |        1
 linuxv2.6.13 |        1
 linuxv2.6.13 |        1
 linuxv2.6.13 |        1
 linuxv2.6.13 |        1
 linuxv2.6.13 |        1
 linuxv2.6.13 |        1
 linuxv2.6.13 |        1
 linuxv2.6.13 |        1
 linuxv2.6.13 |        1
 linuxv2.6.13 |        1
 linuxv2.6.13 |        1
 linuxv2.6.13 |        1
 linuxv2.6.13 |        1
 linuxv2.6.13 |        1
 linuxv2.6.13 |        1
 linuxv2.6.13 |        1
 linuxv2.6.13 |        1
 linuxv2.6.13 |        1
 linuxv2.6.13 |        1
 linuxv2.6.13 |        1
 linuxv2.6.13 |        1
 linuxv2.6.13 |        1
 linuxv2.6.13 |        1
 linuxv2.6.13 |        1
 linuxv2.6.13 |        1
 linuxv2.6.13 |        1
 linuxv2.6.13 |        1
 linuxv2.6.13 |        1
 linuxv2.6.13 |        1
 linuxv2.6.13 |        1
 linuxv2.6.13 |        1
 linuxv2.6.13 |        1
 linuxv2.6.13 |        1
 linuxv2.6.13 |        1
 linuxv2.6.13 |        1
 linuxv2.6.13 |        1
 linuxv2.6.13 |        1
 linuxv2.6.13 |        1
 linuxv2.6.13 |        1
 linuxv2.6.13 |        1
 linuxv2.6.13 |        1
 linuxv2.6.13 |        1
 linuxv2.6.13 |        1
 linuxv2.6.13 |        1
 linuxv2.6.13 |        1
 linuxv2.6.13 |        1
 linuxv2.6.13 |        1
 linuxv2.6.13 |        1
 linuxv2.6.13 |        1
 linuxv2.6.13 |        1
 linuxv2.6.13 |        1
 linuxv2.6.13 |        1
 linuxv2.6.13 |        1
 linuxv2.6.13 |        1
 linuxv2.6.13 |        1
 linuxv2.6.13 |        1
 linuxv2.6.13 |        1
 linuxv2.6.13 |        1
 linuxv2.6.13 |        1
 linuxv2.6.13 |        1
 linuxv2.6.13 |        1
 linuxv2.6.13 |        1
 linuxv2.6.13 |        1
 linuxv2.6.13 |        1
 linuxv2.6.13 |        1
 linuxv2.6.13 |        1
 linuxv2.6.13 |        1
 linuxv2.6.13 |        1
 linuxv2.6.13 |        1
 linuxv2.6.13 |        1
 linuxv2.6.13 |        1
 linuxv2.6.13 |        1
 linuxv2.6.13 |        1
 linuxv2.6.13 |        1
 linuxv2.6.13 |        1
 linuxv2.6.13 |        1
 linuxv2.6.13 |        1
 linuxv2.6.13 |        1
 linuxv2.6.13 |        1
 linuxv2.6.13 |        1
 linuxv2.6.13 |        1
 linuxv2.6.13 |        1
 linuxv2.6.13 |        1
 linuxv2.6.13 |        1
 linuxv2.6.13 |        1
 linuxv2.6.13 |        1
 linuxv2.6.13 |        1
 linuxv2.6.13 |        1
 linuxv2.6.13 |        1
 linuxv2.6.13 |        1
 linuxv2.6.13 |        1
 linuxv2.6.13 |        1
 linuxv2.6.13 |        1
 linuxv2.6.13 |        1
 linuxv2.6.13 |        1
 linuxv2.6.13 |        1
 linuxv2.6.13 |        1
 linuxv2.6.13 |        1
 linuxv2.6.13 |        1
 linuxv2.6.13 |        1
 linuxv2.6.13 |        1
 linuxv2.6.13 |        1
 linuxv2.6.13 |        1
 linuxv2.6.13 |        1
 linuxv2.6.13 |        1
 linuxv2.6.13 |        1
 linuxv2.6.13 |        1
 linuxv2.6.13 |        1
 linuxv2.6.13 |        1
 linuxv2.6.13 |        1
 linuxv2.6.13 |        1
 linuxv2.6.13 |        1
 linuxv2.6.13 |        1
 linuxv2.6.13 |        1
 linuxv2.6.13 |        1
 linuxv2.6.13 |        1
 linuxv2.6.13 |        1
 linuxv2.6.13 |        1
 linuxv2.6.13 |        1
 linuxv2.6.13 |        1
 linuxv2.6.13 |        1
 linuxv2.6.13 |        1
 linuxv2.6.13 |        1
 linuxv2.6.13 |        1
 linuxv2.6.13 |        1
 linuxv2.6.13 |        1
 linuxv2.6.13 |        1
 linuxv2.6.13 |        1
 linuxv2.6.13 |        1
 linuxv2.6.13 |        1
 linuxv2.6.13 |        1
 linuxv2.6.13 |        1
 linuxv2.6.13 |        1
 linuxv2.6.13 |        1
 linuxv2.6.13 |        1
 linuxv2.6.13 |        1
 linuxv2.6.13 |        1
 linuxv2.6.13 |        1
 linuxv2.6.13 |        1
 linuxv2.6.13 |        1
 linuxv2.6.13 |        1
 linuxv2.6.13 |        1
 linuxv2.6.13 |        1
 linuxv2.6.13 |        1
 linuxv2.6.13 |        1
 linuxv2.6.13 |        1
 linuxv2.6.13 |        1
 linuxv2.6.13 |        1
 linuxv2.6.13 |        1
 linuxv2.6.13 |        1
 linuxv2.6.13 |        1
 linuxv2.6.13 |        1
 linuxv2.6.13 |        1
 linuxv2.6.13 |        1
 linuxv2.6.13 |        1
 linuxv2.6.13 |        1
 linuxv2.6.13 |        1
 linuxv2.6.13 |        1
 linuxv2.6.13 |        1
 linuxv2.6.13 |        1
 linuxv2.6.13 |        1
 linuxv2.6.13 |        1
 linuxv2.6.13 |        1
 linuxv2.6.13 |        1
 linuxv2.6.13 |        1
 linuxv2.6.13 |        1
 linuxv2.6.13 |        1
 linuxv2.6.13 |        1
 linuxv2.6.13 |        1
 linuxv2.6.13 |        1
 linuxv2.6.13 |        1
 linuxv2.6.13 |        1
 linuxv2.6.13 |        1
 linuxv2.6.13 |        1
 linuxv2.6.13 |        1
 linuxv2.6.13 |        1
 linuxv2.6.13 |        1
 linuxv2.6.13 |        1
 linuxv2.6.13 |        1
 linuxv2.6.13 |        1
 linuxv2.6.13 |        1
 linuxv2.6.13 |        1
 linuxv2.6.13 |        1
 linuxv2.6.13 |        1
 linuxv2.6.13 |        1
 linuxv2.6.13 |        1
 linuxv2.6.13 |        1
 linuxv2.6.13 |        1
 linuxv2.6.13 |        1
 linuxv2.6.13 |        1
 linuxv2.6.13 |        1
 linuxv2.6.13 |        1
 linuxv2.6.13 |        1
 linuxv2.6.13 |        1
 linuxv2.6.13 |        1
 linuxv2.6.13 |        1
 linuxv2.6.13 |        1
 linuxv2.6.13 |        1
 linuxv2.6.13 |        1
 linuxv2.6.13 |        1
 linuxv2.6.13 |        1
 linuxv2.6.13 |        1
 linuxv2.6.13 |        1
 linuxv2.6.13 |        1
 linuxv2.6.13 |        1
 linuxv2.6.13 |        1
 linuxv2.6.13 |        1
 linuxv2.6.13 |        1
 linuxv2.6.13 |        1
 linuxv2.6.13 |        1
 linuxv2.6.13 |        1
 linuxv2.6.13 |        1
 linuxv2.6.13 |        1
 linuxv2.6.13 |        1
 linuxv2.6.13 |        1
 linuxv2.6.13 |        1
 linuxv2.6.13 |        1
 linuxv2.6.13 |        1
 linuxv2.6.13 |        1
 linuxv2.6.13 |        1
 linuxv2.6.13 |        1
 linuxv2.6.13 |        1
 linuxv2.6.13 |        1
 linuxv2.6.13 |        1
 linuxv2.6.13 |        1
 linuxv2.6.13 |        1
 linuxv2.6.13 |        1
 linuxv2.6.13 |        1
 linuxv2.6.13 |        1
 linuxv2.6.13 |        1
 linuxv2.6.13 |        1
 linuxv2.6.13 |        1
 linuxv2.6.13 |        1
 linuxv2.6.13 |        1
 linuxv2.6.13 |        1
 linuxv2.6.13 |        1
 linuxv2.6.13 |        1
 linuxv2.6.13 |        1
 linuxv2.6.13 |        1
 linuxv2.6.13 |        1
 linuxv2.6.13 |        1
 linuxv2.6.13 |        1
 linuxv2.6.13 |        1
 linuxv2.6.13 |        1
 linuxv2.6.13 |        1
 linuxv2.6.13 |        1
 linuxv2.6.13 |        1
 linuxv2.6.13 |        1
 linuxv2.6.13 |        1
 linuxv2.6.13 |        1
 linuxv2.6.13 |        1
 linuxv2.6.13 |        1
 linuxv2.6.13 |        1
 linuxv2.6.13 |        1
 linuxv2.6.13 |        1
 linuxv2.6.13 |        1
 linuxv2.6.13 |        1
 linuxv2.6.13 |        1
 linuxv2.6.13 |        1
 linuxv2.6.13 |        1
 linuxv2.6.13 |        1
 linuxv2.6.13 |        1
 linuxv2.6.13 |        1
 linuxv2.6.13 |        1
 linuxv2.6.13 |        1
 linuxv2.6.13 |        1
 linuxv2.6.13 |        1
 linuxv2.6.13 |        1
 linuxv2.6.13 |        1
 linuxv2.6.13 |        1
 linuxv2.6.13 |        1
 linuxv2.6.13 |        1
 linuxv2.6.13 |        1
 linuxv2.6.13 |        1
 linuxv2.6.13 |        1
 linuxv2.6.13 |        1
 linuxv2.6.13 |        1
 linuxv2.6.13 |        1
 linuxv2.6.13 |        1
 linuxv2.6.13 |        1
 linuxv2.6.13 |        1
 linuxv2.6.13 |        1
 linuxv2.6.13 |        1
 linuxv2.6.13 |        1
 linuxv2.6.13 |        1
 linuxv2.6.13 |        1
 linuxv2.6.13 |        1
 linuxv2.6.13 |        1
 linuxv2.6.13 |        1
 linuxv2.6.13 |        1
 linuxv2.6.13 |        1
 linuxv2.6.13 |        1
 linuxv2.6.13 |        1
 linuxv2.6.13 |        1
 linuxv2.6.13 |        1
 linuxv2.6.13 |        1
 linuxv2.6.13 |        1
 linuxv2.6.13 |        1
 linuxv2.6.13 |        1
 linuxv2.6.13 |        1
 linuxv2.6.13 |        1
 linuxv2.6.13 |        1
 linuxv2.6.13 |        1
 linuxv2.6.13 |        1
 linuxv2.6.13 |        1
 linuxv2.6.13 |        1
 linuxv2.6.13 |        1
 linuxv2.6.13 |        1
 linuxv2.6.13 |        1
 linuxv2.6.13 |        1
 linuxv2.6.13 |        1
 linuxv2.6.13 |        1
 linuxv2.6.13 |        1
 linuxv2.6.13 |        1
 linuxv2.6.13 |        1
 linuxv2.6.13 |        1
 linuxv2.6.13 |        1
 linuxv2.6.13 |        1
 linuxv2.6.13 |        1
 linuxv2.6.13 |        1
 linuxv2.6.13 |        1
 linuxv2.6.13 |        1
 linuxv2.6.13 |        1
 linuxv2.6.13 |        1
 linuxv2.6.13 |        1
 linuxv2.6.13 |        1
 linuxv2.6.13 |        1
 linuxv2.6.13 |        1
 linuxv2.6.13 |        1
 linuxv2.6.13 |        1
 linuxv2.6.13 |        1
 linuxv2.6.13 |        1
 linuxv2.6.13 |        1
 linuxv2.6.13 |        1
 linuxv2.6.13 |        1
 linuxv2.6.13 |        1
 linuxv2.6.13 |        1
 linuxv2.6.13 |        1
 linuxv2.6.13 |        1
 linuxv2.6.13 |        1
 linuxv2.6.13 |        1
 linuxv2.6.13 |        1
 linuxv2.6.13 |        1
 linuxv2.6.13 |        1
 linuxv2.6.13 |        1
 linuxv2.6.13 |        1
 linuxv2.6.13 |        1
 linuxv2.6.13 |        1
 linuxv2.6.13 |        1
 linuxv2.6.13 |        1
 linuxv2.6.13 |        1
 linuxv2.6.13 |        1
 linuxv2.6.13 |        1
 linuxv2.6.13 |        1
 linuxv2.6.13 |        1
 linuxv2.6.13 |        1
 linuxv2.6.13 |        1
 linuxv2.6.13 |        1
 linuxv2.6.13 |        1
 linuxv2.6.13 |        1
 linuxv2.6.13 |        1
 linuxv2.6.13 |        1
 linuxv2.6.13 |        1
 linuxv2.6.13 |        1
 linuxv2.6.13 |        1
 linuxv2.6.13 |        1
 linuxv2.6.13 |        1
 linuxv2.6.13 |        1
 linuxv2.6.13 |        1
 linuxv2.6.13 |        1
 linuxv2.6.13 |        1
 linuxv2.6.13 |        1
 linuxv2.6.13 |        1
 linuxv2.6.13 |        1
 linuxv2.6.13 |        1
 linuxv2.6.13 |        1
 linuxv2.6.13 |        1
 linuxv2.6.13 |        1
 linuxv2.6.13 |        1
 linuxv2.6.13 |        1
 linuxv2.6.13 |        1
 linuxv2.6.13 |        1
 linuxv2.6.13 |        1
 linuxv2.6.13 |        1
 linuxv2.6.13 |        1
 linuxv2.6.13 |        1
 linuxv2.6.13 |        1
 linuxv2.6.13 |        1
 linuxv2.6.13 |        1
 linuxv2.6.13 |        1
 linuxv2.6.13 |        1
 linuxv2.6.13 |        1
 linuxv2.6.13 |        1
 linuxv2.6.13 |        1
 linuxv2.6.13 |        1
 linuxv2.6.13 |        1
 linuxv2.6.13 |        1
 linuxv2.6.13 |        1
 linuxv2.6.13 |        1
 linuxv2.6.13 |        1
 linuxv2.6.13 |        1
 linuxv2.6.13 |        1
 linuxv2.6.13 |        1
 linuxv2.6.13 |        1
 linuxv2.6.13 |        1
 linuxv2.6.13 |        1
 linuxv2.6.13 |        1
 linuxv2.6.13 |        1
 linuxv2.6.13 |        1
 linuxv2.6.13 |        1
 linuxv2.6.13 |        1
 linuxv2.6.13 |        1
 linuxv2.6.13 |        1
 linuxv2.6.13 |        1
 linuxv2.6.13 |        1
 linuxv2.6.13 |        1
 linuxv2.6.13 |        1
 linuxv2.6.13 |        1
 linuxv2.6.13 |        1
 linuxv2.6.13 |        1
 linuxv2.6.13 |        1
 linuxv2.6.13 |        1
 linuxv2.6.13 |        1
 linuxv2.6.13 |        1
 linuxv2.6.13 |        1
 linuxv2.6.13 |        1
 linuxv2.6.13 |        1
 linuxv2.6.13 |        1
 linuxv2.6.13 |        1
 linuxv2.6.13 |        1
 linuxv2.6.13 |        1
 linuxv2.6.13 |        1
 linuxv2.6.13 |        1
 linuxv2.6.13 |        1
 linuxv2.6.13 |        1
 linuxv2.6.13 |        1
 linuxv2.6.13 |        1
 linuxv2.6.13 |        1
 linuxv2.6.13 |        1
 linuxv2.6.13 |        1
 linuxv2.6.13 |        1
 linuxv2.6.13 |        1
 linuxv2.6.13 |        1
 linuxv2.6.13 |        1
 linuxv2.6.13 |        1
 linuxv2.6.13 |        1
 linuxv2.6.13 |        1
 linuxv2.6.13 |        1
 linuxv2.6.13 |        1
 linuxv2.6.13 |        1
 linuxv2.6.13 |        1
 linuxv2.6.13 |        1
 linuxv2.6.13 |        1
 linuxv2.6.13 |        1
 linuxv2.6.13 |        1
 linuxv2.6.13 |        1
 linuxv2.6.13 |        1
 linuxv2.6.13 |        1
 linuxv2.6.13 |        1
 linuxv2.6.13 |        1
 linuxv2.6.13 |        1
 linuxv2.6.13 |        1
 linuxv2.6.13 |        1
 linuxv2.6.13 |        1
 linuxv2.6.13 |        1
 linuxv2.6.13 |        1
 linuxv2.6.13 |        1
 linuxv2.6.13 |        1
 linuxv2.6.13 |        1
 linuxv2.6.13 |        1
 linuxv2.6.13 |        1
 linuxv2.6.13 |        1
 linuxv2.6.13 |        1
 linuxv2.6.13 |        1
 linuxv2.6.13 |        1
 linuxv2.6.13 |        1
 linuxv2.6.13 |        1
 linuxv2.6.13 |        1
 linuxv2.6.13 |        1
 linuxv2.6.13 |        1
 linuxv2.6.13 |        1
 linuxv2.6.13 |        1
 linuxv2.6.13 |        1
 linuxv2.6.13 |        1
 linuxv2.6.13 |        1
 linuxv2.6.13 |        1
 linuxv2.6.13 |        1
 linuxv2.6.13 |        1
 linuxv2.6.13 |        1
 linuxv2.6.13 |        1
 linuxv2.6.13 |        1
 linuxv2.6.13 |        1
 linuxv2.6.13 |        1
 linuxv2.6.13 |        1
 linuxv2.6.13 |        1
 linuxv2.6.13 |        1
 linuxv2.6.13 |        1
 linuxv2.6.13 |        1
 linuxv2.6.13 |        1
 linuxv2.6.13 |        1
 linuxv2.6.13 |        1
 linuxv2.6.13 |        1
 linuxv2.6.13 |        1
 linuxv2.6.13 |        1
 linuxv2.6.13 |        1
 linuxv2.6.13 |        1
 linuxv2.6.13 |        1
 linuxv2.6.13 |        1
 linuxv2.6.13 |        1
 linuxv2.6.13 |        1
 linuxv2.6.13 |        1
 linuxv2.6.13 |        1
 linuxv2.6.13 |        1
 linuxv2.6.13 |        1
 linuxv2.6.13 |        1
 linuxv2.6.13 |        1
 linuxv2.6.13 |        1
 linuxv2.6.13 |        1
 linuxv2.6.13 |        1
 linuxv2.6.13 |        1
 linuxv2.6.13 |        1
 linuxv2.6.13 |        1
 linuxv2.6.13 |        1
 linuxv2.6.13 |        1
 linuxv2.6.13 |        1
 linuxv2.6.13 |        1
 linuxv2.6.13 |        1
 linuxv2.6.13 |        1
 linuxv2.6.13 |        1
 linuxv2.6.13 |        1
 linuxv2.6.13 |        1
 linuxv2.6.13 |        1
 linuxv2.6.13 |        1
 linuxv2.6.13 |        1
 linuxv2.6.13 |        1
 linuxv2.6.13 |        1
 linuxv2.6.13 |        1
 linuxv2.6.13 |        1
 linuxv2.6.13 |        1
 linuxv2.6.13 |        1
 linuxv2.6.13 |        1
 linuxv2.6.13 |        1
 linuxv2.6.13 |        1
 linuxv2.6.13 |        1
 linuxv2.6.13 |        1
 linuxv2.6.13 |        1
 linuxv2.6.13 |        1
 linuxv2.6.13 |        1
 linuxv2.6.13 |        1
 linuxv2.6.13 |        1
 linuxv2.6.13 |        1
 linuxv2.6.13 |        1
 linuxv2.6.13 |        1
 linuxv2.6.13 |        1
 linuxv2.6.13 |        1
 linuxv2.6.13 |        1
 linuxv2.6.13 |        1
 linuxv2.6.13 |        1
 linuxv2.6.13 |        1
 linuxv2.6.13 |        1
 linuxv2.6.13 |        1
 linuxv2.6.13 |        1
 linuxv2.6.13 |        1
 linuxv2.6.13 |        1
 linuxv2.6.13 |        1
 linuxv2.6.13 |        1
 linuxv2.6.13 |        1
 linuxv2.6.13 |        1
 linuxv2.6.13 |        1
 linuxv2.6.13 |        1
 linuxv2.6.13 |        1
 linuxv2.6.13 |        1
 linuxv2.6.13 |        1
 linuxv2.6.13 |        1
 linuxv2.6.13 |        1
 linuxv2.6.13 |        1
 linuxv2.6.13 |        1
 linuxv2.6.13 |        1
 linuxv2.6.13 |        1
 linuxv2.6.13 |        1
 linuxv2.6.13 |        1
 linuxv2.6.13 |        1
 linuxv2.6.13 |        1
 linuxv2.6.13 |        1
 linuxv2.6.13 |        1
 linuxv2.6.13 |        1
 linuxv2.6.13 |        1
 linuxv2.6.13 |        1
 linuxv2.6.13 |        1
 linuxv2.6.13 |        1
 linuxv2.6.13 |        1
 linuxv2.6.13 |        1
 linuxv2.6.13 |        1
 linuxv2.6.13 |        1
 linuxv2.6.13 |        1
 linuxv2.6.13 |        1
 linuxv2.6.13 |        1
 linuxv2.6.13 |        1
 linuxv2.6.13 |        1
 linuxv2.6.13 |        1
 linuxv2.6.13 |        1
 linuxv2.6.13 |        1
 linuxv2.6.13 |        1
 linuxv2.6.13 |        1
 linuxv2.6.13 |        1
 linuxv2.6.13 |        1
 linuxv2.6.13 |        1
 linuxv2.6.13 |        1
 linuxv2.6.13 |        1
 linuxv2.6.13 |        1
 linuxv2.6.13 |        1
 linuxv2.6.13 |        1
 linuxv2.6.13 |        1
 linuxv2.6.13 |        1
 linuxv2.6.13 |        1
 linuxv2.6.13 |        1
 linuxv2.6.13 |        1
 linuxv2.6.13 |        1
 linuxv2.6.13 |        1
 linuxv2.6.13 |        1
 linuxv2.6.13 |        1
 linuxv2.6.13 |        1
 linuxv2.6.13 |        1
 linuxv2.6.13 |        1
 linuxv2.6.13 |        1
 linuxv2.6.13 |        1
 linuxv2.6.13 |        1
 linuxv2.6.13 |        1
 linuxv2.6.13 |        1
 linuxv2.6.13 |        1
 linuxv2.6.13 |        1
 linuxv2.6.13 |        1
 linuxv2.6.13 |        1
 linuxv2.6.13 |        1
 linuxv2.6.13 |        1
 linuxv2.6.13 |        1
 linuxv2.6.13 |        1
 linuxv2.6.13 |        1
 linuxv2.6.13 |        1
 linuxv2.6.13 |        1
 linuxv2.6.13 |        1
 linuxv2.6.13 |        1
 linuxv2.6.13 |        1
 linuxv2.6.13 |        1
 linuxv2.6.13 |        1
 linuxv2.6.13 |        1
 linuxv2.6.13 |        1
 linuxv2.6.13 |        1
 linuxv2.6.13 |        1
 linuxv2.6.13 |        1
 linuxv2.6.13 |        1
 linuxv2.6.13 |        1
 linuxv2.6.13 |        1
 linuxv2.6.13 |        1
 linuxv2.6.13 |        1
 linuxv2.6.13 |        1
 linuxv2.6.13 |        1
 linuxv2.6.13 |        1
 linuxv2.6.13 |        1
 linuxv2.6.13 |        1
 linuxv2.6.13 |        1
 linuxv2.6.13 |        1
 linuxv2.6.13 |        1
 linuxv2.6.13 |        1
 linuxv2.6.13 |        1
 linuxv2.6.13 |        1
 linuxv2.6.13 |        1
 linuxv2.6.13 |        1
 linuxv2.6.13 |        1
 linuxv2.6.13 |        1
 linuxv2.6.13 |        1
 linuxv2.6.13 |        1
 linuxv2.6.13 |        1
 linuxv2.6.13 |        1
 linuxv2.6.13 |        1
 linuxv2.6.13 |        1
 linuxv2.6.13 |        1
 linuxv2.6.13 |        1
 linuxv2.6.13 |        1
 linuxv2.6.13 |        1
 linuxv2.6.13 |        1
 linuxv2.6.13 |        1
 linuxv2.6.13 |        1
 linuxv2.6.13 |        1
 linuxv2.6.13 |        1
 linuxv2.6.13 |        1
 linuxv2.6.13 |        1
 linuxv2.6.13 |        1
 linuxv2.6.13 |        1
 linuxv2.6.13 |        1
 linuxv2.6.13 |        1
 linuxv2.6.13 |        1
 linuxv2.6.13 |        1
 linuxv2.6.13 |        1
 linuxv2.6.13 |        1
 linuxv2.6.13 |        1
 linuxv2.6.13 |        1
 linuxv2.6.13 |        1
 linuxv2.6.13 |        1
 linuxv2.6.13 |        1
 linuxv2.6.13 |        1
 linuxv2.6.13 |        1
 linuxv2.6.13 |        1
 linuxv2.6.13 |        1
 linuxv2.6.13 |        1
 linuxv2.6.13 |        1
 linuxv2.6.13 |        1
 linuxv2.6.13 |        1
 linuxv2.6.13 |        1
 linuxv2.6.13 |        1
 linuxv2.6.13 |        1
 linuxv2.6.13 |        1
 linuxv2.6.13 |        1
 linuxv2.6.13 |        1
 linuxv2.6.13 |        1
 linuxv2.6.13 |        1
 linuxv2.6.13 |        1
 linuxv2.6.13 |        1
 linuxv2.6.13 |        1
 linuxv2.6.13 |        1
 linuxv2.6.13 |        1
 linuxv2.6.13 |        1
 linuxv2.6.13 |        1
 linuxv2.6.13 |        1
 linuxv2.6.13 |        1
 linuxv2.6.13 |        1
 linuxv2.6.13 |        1
 linuxv2.6.13 |        1
 linuxv2.6.13 |        1
 linuxv2.6.13 |        1
 linuxv2.6.13 |        1
 linuxv2.6.13 |        1
 linuxv2.6.13 |        1
 linuxv2.6.13 |        1
 linuxv2.6.13 |        1
 linuxv2.6.13 |        1
 linuxv2.6.13 |        1
 linuxv2.6.13 |        1
 linuxv2.6.13 |        1
 linuxv2.6.13 |        1
 linuxv2.6.13 |        1
 linuxv2.6.13 |        1
 linuxv2.6.13 |        1
 linuxv2.6.13 |        1
 linuxv2.6.13 |        1
 linuxv2.6.13 |        1
 linuxv2.6.13 |        1
 linuxv2.6.13 |        1
 linuxv2.6.13 |        1
 linuxv2.6.13 |        1
 linuxv2.6.13 |        1
 linuxv2.6.13 |        1
 linuxv2.6.13 |        1
 linuxv2.6.13 |        1
 linuxv2.6.13 |        1
 linuxv2.6.13 |        1
 linuxv2.6.13 |        1
 linuxv2.6.13 |        1
 linuxv2.6.13 |        1
 linuxv2.6.13 |        1
 linuxv2.6.13 |        1
 linuxv2.6.13 |        1
 linuxv2.6.13 |        1
 linuxv2.6.13 |        1
 linuxv2.6.13 |        1
 linuxv2.6.13 |        1
 linuxv2.6.13 |        1
 linuxv2.6.13 |        1
 linuxv2.6.13 |        1
 linuxv2.6.13 |        1
 linuxv2.6.13 |        1
 linuxv2.6.13 |        1
 linuxv2.6.13 |        1
 linuxv2.6.13 |        1
 linuxv2.6.13 |        1
 linuxv2.6.13 |        1
 linuxv2.6.13 |        1
 linuxv2.6.13 |        1
 linuxv2.6.13 |        1
 linuxv2.6.13 |        1
 linuxv2.6.13 |        1
 linuxv2.6.13 |        1
 linuxv2.6.13 |        1
 linuxv2.6.13 |        1
 linuxv2.6.13 |        1
 linuxv2.6.13 |        1
 linuxv2.6.13 |        1
 linuxv2.6.13 |        1
 linuxv2.6.13 |        1
 linuxv2.6.13 |        1
 linuxv2.6.13 |        1
 linuxv2.6.13 |        1
 linuxv2.6.13 |        1
 linuxv2.6.13 |        1
 linuxv2.6.13 |        1
 linuxv2.6.13 |        1
 linuxv2.6.13 |        1
 linuxv2.6.13 |        1
 linuxv2.6.13 |        1
 linuxv2.6.13 |        1
 linuxv2.6.13 |        1
 linuxv2.6.13 |        1
 linuxv2.6.13 |        1
 linuxv2.6.13 |        1
 linuxv2.6.13 |        1
 linuxv2.6.13 |        1
 linuxv2.6.13 |        1
 linuxv2.6.13 |        1
 linuxv2.6.13 |        1
 linuxv2.6.13 |        1
 linuxv2.6.13 |        1
 linuxv2.6.13 |        1
 linuxv2.6.13 |        1
 linuxv2.6.13 |        1
 linuxv2.6.13 |        1
 linuxv2.6.13 |        1
 linuxv2.6.13 |        1
 linuxv2.6.13 |        1
 linuxv2.6.13 |        1
 linuxv2.6.13 |        1
 linuxv2.6.13 |        1
 linuxv2.6.13 |        1
 linuxv2.6.13 |        1
 linuxv2.6.13 |        1
 linuxv2.6.13 |        1
 linuxv2.6.13 |        1
 linuxv2.6.13 |        1
 linuxv2.6.13 |        1
 linuxv2.6.13 |        1
 linuxv2.6.13 |        1
 linuxv2.6.13 |        1
 linuxv2.6.13 |        1
 linuxv2.6.13 |        1
 linuxv2.6.13 |        1
 linuxv2.6.13 |        1
 linuxv2.6.13 |        1
 linuxv2.6.13 |        1
 linuxv2.6.13 |        1
 linuxv2.6.13 |        1
 linuxv2.6.13 |        1
 linuxv2.6.13 |        1
 linuxv2.6.13 |        1
 linuxv2.6.13 |        1
 linuxv2.6.13 |        1
 linuxv2.6.13 |        1
 linuxv2.6.13 |        1
 linuxv2.6.13 |        1
 linuxv2.6.13 |        1
 linuxv2.6.13 |        1
 linuxv2.6.13 |        1
 linuxv2.6.13 |        1
 linuxv2.6.13 |        1
 linuxv2.6.13 |        1
 linuxv2.6.13 |        1
 linuxv2.6.13 |        1
 linuxv2.6.13 |        1
 linuxv2.6.13 |        1
 linuxv2.6.13 |        1
 linuxv2.6.13 |        1
 linuxv2.6.13 |        1
 linuxv2.6.13 |        1
 linuxv2.6.13 |        1
 linuxv2.6.13 |        1
 linuxv2.6.13 |        1
 linuxv2.6.13 |        1
 linuxv2.6.13 |        1
 linuxv2.6.13 |        1
 linuxv2.6.13 |        1
 linuxv2.6.13 |        1
 linuxv2.6.13 |        1
 linuxv2.6.13 |        1
 linuxv2.6.13 |        1
 linuxv2.6.13 |        1
 linuxv2.6.13 |        1
 linuxv2.6.13 |        1
 linuxv2.6.13 |        1
 linuxv2.6.13 |        1
 linuxv2.6.13 |        1
 linuxv2.6.13 |        1
 linuxv2.6.13 |        1
 linuxv2.6.13 |        1
 linuxv2.6.13 |        1
 linuxv2.6.13 |        1
 linuxv2.6.13 |        1
 linuxv2.6.13 |        1
 linuxv2.6.13 |        1
 linuxv2.6.13 |        1
 linuxv2.6.13 |        1
 linuxv2.6.13 |        1
 linuxv2.6.13 |        1
 linuxv2.6.13 |        1
 linuxv2.6.13 |        1
 linuxv2.6.13 |        1
 linuxv2.6.13 |        1
 linuxv2.6.13 |        1
 linuxv2.6.13 |        1
 linuxv2.6.13 |        1
 linuxv2.6.13 |        1
 linuxv2.6.13 |        1
 linuxv2.6.13 |        1
 linuxv2.6.13 |        1
 linuxv2.6.13 |        1
 linuxv2.6.13 |        1
 linuxv2.6.13 |        1
 linuxv2.6.13 |        1
 linuxv2.6.13 |        1
 linuxv2.6.13 |        1
 linuxv2.6.13 |        1
 linuxv2.6.13 |        1
 linuxv2.6.13 |        1
 linuxv2.6.13 |        1
 linuxv2.6.13 |        1
 linuxv2.6.13 |        1
 linuxv2.6.13 |        1
 linuxv2.6.13 |        1
 linuxv2.6.13 |        1
 linuxv2.6.13 |        1
 linuxv2.6.13 |        1
 linuxv2.6.13 |        1
 linuxv2.6.13 |        1
 linuxv2.6.13 |        1
 linuxv2.6.13 |        1
 linuxv2.6.13 |        1
 linuxv2.6.13 |        1
 linuxv2.6.13 |        1
 linuxv2.6.13 |        1
 linuxv2.6.13 |        1
 linuxv2.6.13 |        1
 linuxv2.6.13 |        1
 linuxv2.6.13 |        1
 linuxv2.6.13 |        1
 linuxv2.6.13 |        1
 linuxv2.6.13 |        1
 linuxv2.6.13 |        1
 linuxv2.6.13 |        1
 linuxv2.6.13 |        1
 linuxv2.6.13 |        1
 linuxv2.6.13 |        1
 linuxv2.6.13 |        1
 linuxv2.6.13 |        1
