     release      | total_commits 
 linuxv2.6.12     |           177
 linuxv2.6.13-rc1 |          1984
 linuxv2.6.13-rc2 |           226
 linuxv2.6.13-rc3 |           600
 linuxv2.6.13-rc4 |           573
 linuxv2.6.13-rc5 |           220
 linuxv2.6.13-rc6 |           120
 linuxv2.6.13-rc7 |           283
 linuxv2.6.13     |            44
 linuxv2.6.14-rc1 |          2630
 linuxv2.6.14-rc2 |           349
 linuxv2.6.14-rc3 |           440
 linuxv2.6.14-rc4 |           207
 linuxv2.6.14-rc5 |           148
 linuxv2.6.14     |            81
 linuxv2.6.15-rc1 |          3933
 linuxv2.6.15-rc2 |           533
 linuxv2.6.15-rc3 |           212
 linuxv2.6.15-rc4 |            81
 linuxv2.6.15-rc5 |           136
 linuxv2.6.15-rc6 |           251
 linuxv2.6.15-rc7 |           112
 linuxv2.6.15     |            42
 linuxv2.6.16-rc1 |          3100
 linuxv2.6.16-rc2 |           859
 linuxv2.6.16-rc3 |           635
 linuxv2.6.16-rc4 |           254
 linuxv2.6.16-rc5 |           208
 linuxv2.6.16-rc6 |           298
 linuxv2.6.16     |           108
 linuxv2.6.17-rc1 |          3857
 linuxv2.6.17-rc2 |           653
 linuxv2.6.17-rc3 |           249
 linuxv2.6.17-rc4 |           438
 linuxv2.6.17-rc5 |           313
 linuxv2.6.17-rc6 |           183
 linuxv2.6.17     |            68
 linuxv2.6.18-rc1 |          4389
 linuxv2.6.18-rc2 |           516
 linuxv2.6.18-rc3 |           211
 linuxv2.6.18-rc4 |           348
 linuxv2.6.18-rc5 |           396
 linuxv2.6.18-rc6 |           137
 linuxv2.6.18-rc7 |            85
 linuxv2.6.18     |           132
 linuxv2.6.19-rc1 |          4394
 linuxv2.6.19-rc2 |           548
 linuxv2.6.19-rc3 |           654
 linuxv2.6.19-rc4 |           246
 linuxv2.6.19-rc5 |           281
 linuxv2.6.19-rc6 |           135
 linuxv2.6.19     |           211
 linuxv2.6.20-rc1 |          3453
 linuxv2.6.20-rc2 |           415
 linuxv2.6.20-rc3 |           144
 linuxv2.6.20-rc4 |           167
 linuxv2.6.20-rc5 |           176
 linuxv2.6.20-rc6 |           217
 linuxv2.6.20-rc7 |           194
 linuxv2.6.20     |            63
 linuxv2.6.21-rc1 |          3109
 linuxv2.6.21-rc2 |           534
 linuxv2.6.21-rc3 |           409
 linuxv2.6.21-rc4 |           330
 linuxv2.6.21-rc5 |           275
 linuxv2.6.21-rc6 |           277
 linuxv2.6.21-rc7 |            99
 linuxv2.6.21     |           125
 linuxv2.6.22-rc1 |          4937
 linuxv2.6.22-rc2 |           274
 linuxv2.6.22-rc3 |           387
 linuxv2.6.22-rc4 |           337
 linuxv2.6.22-rc5 |           499
 linuxv2.6.22-rc6 |           163
 linuxv2.6.22-rc7 |           110
 linuxv2.6.22     |           130
 linuxv2.6.23-rc1 |          4505
 linuxv2.6.23-rc2 |           899
 linuxv2.6.23-rc3 |           317
 linuxv2.6.23-rc4 |           576
 linuxv2.6.23-rc5 |           126
 linuxv2.6.23-rc6 |            96
 linuxv2.6.23-rc7 |           274
 linuxv2.6.23-rc8 |            67
 linuxv2.6.23-rc9 |           113
 linuxv2.6.23     |            90
 linuxv2.6.24-rc1 |          7141
 linuxv2.6.24-rc2 |           772
 linuxv2.6.24-rc3 |           650
 linuxv2.6.24-rc4 |           664
 linuxv2.6.24-rc5 |           242
 linuxv2.6.24-rc6 |           324
 linuxv2.6.24-rc7 |           161
 linuxv2.6.24-rc8 |           237
 linuxv2.6.24     |           169
 linuxv2.6.25-rc1 |          9629
 linuxv2.6.25-rc2 |           359
 linuxv2.6.25-rc3 |           631
 linuxv2.6.25-rc4 |           592
 linuxv2.6.25-rc5 |           146
 linuxv2.6.25-rc6 |           343
 linuxv2.6.25-rc7 |           356
 linuxv2.6.25-rc8 |           223
 linuxv2.6.25-rc9 |           299
 linuxv2.6.25     |           103
 linuxv2.6.26-rc1 |          6439
 linuxv2.6.26-rc2 |           446
 linuxv2.6.26-rc3 |           492
 linuxv2.6.26-rc4 |           508
 linuxv2.6.26-rc5 |           288
 linuxv2.6.26-rc6 |           353
 linuxv2.6.26-rc7 |           312
 linuxv2.6.26-rc8 |            81
 linuxv2.6.26-rc9 |           294
 linuxv2.6.26     |           138
 linuxv2.6.27-rc1 |          7738
 linuxv2.6.27-rc2 |           763
 linuxv2.6.27-rc3 |           464
 linuxv2.6.27-rc4 |           652
 linuxv2.6.27-rc5 |           392
 linuxv2.6.27-rc6 |           403
 linuxv2.6.27-rc7 |           179
 linuxv2.6.27-rc8 |           158
 linuxv2.6.27-rc9 |           132
 linuxv2.6.27     |            28
 linuxv2.6.28-rc1 |          7330
 linuxv2.6.28-rc2 |            22
 linuxv2.6.28-rc3 |           494
 linuxv2.6.28-rc4 |           263
 linuxv2.6.28-rc5 |           422
 linuxv2.6.28-rc6 |           225
 linuxv2.6.28-rc7 |           271
 linuxv2.6.28-rc8 |           287
 linuxv2.6.28-rc9 |           110
 linuxv2.6.28     |            71
 linuxv2.6.29-rc1 |          8459
 linuxv2.6.29-rc2 |           608
 linuxv2.6.29-rc3 |           478
 linuxv2.6.29-rc4 |           735
 linuxv2.6.29-rc5 |           233
 linuxv2.6.29-rc6 |           327
 linuxv2.6.29-rc7 |           332
 linuxv2.6.29-rc8 |           240
 linuxv2.6.29     |           304
 linuxv2.6.30-rc1 |         10029
 linuxv2.6.30-rc2 |           480
 linuxv2.6.30-rc3 |           531
 linuxv2.6.30-rc4 |           528
 linuxv2.6.30-rc5 |           387
 linuxv2.6.30-rc6 |           303
 linuxv2.6.30-rc7 |           159
 linuxv2.6.30-rc8 |           244
 linuxv2.6.30     |            91
 linuxv2.6.31-rc1 |          8095
 linuxv2.6.31-rc2 |           580
 linuxv2.6.31-rc3 |           546
 linuxv2.6.31-rc4 |           285
 linuxv2.6.31-rc5 |           437
 linuxv2.6.31-rc6 |           578
 linuxv2.6.31-rc7 |           244
 linuxv2.6.31-rc8 |           159
 linuxv2.6.31-rc9 |           113
 linuxv2.6.31     |            16
 linuxv2.6.32-rc1 |          9023
 linuxv2.6.32-rc3 |           385
 linuxv2.6.32-rc4 |           466
 linuxv2.6.32-rc5 |           289
 linuxv2.6.32-rc6 |           563
 linuxv2.6.32-rc7 |           385
 linuxv2.6.32-rc8 |           199
 linuxv2.6.32     |           282
 linuxv2.6.33-rc1 |          8464
 linuxv2.6.33-rc2 |           472
 linuxv2.6.33-rc3 |           314
 linuxv2.6.33-rc4 |           431
 linuxv2.6.33-rc5 |           532
 linuxv2.6.33-rc6 |           322
 linuxv2.6.33-rc7 |           256
 linuxv2.6.33-rc8 |           224
 linuxv2.6.33     |           225
 linuxv2.6.34-rc1 |          6278
 linuxv2.6.34-rc2 |          1704
 linuxv2.6.34-rc3 |           406
 linuxv2.6.34-rc4 |           512
 linuxv2.6.34-rc5 |           175
 linuxv2.6.34-rc6 |           378
 linuxv2.6.34-rc7 |           306
 linuxv2.6.34     |           153
 linuxv2.6.35     |           215
 linuxv2.6.35-rc1 |          8276
 linuxv2.6.35-rc2 |           741
 linuxv2.6.35-rc3 |           190
 linuxv2.6.35-rc4 |           416
 linuxv2.6.35-rc5 |           166
 linuxv2.6.35-rc6 |           200
 linuxv2.6.36-rc1 |          7934
 linuxv2.6.36-rc2 |           237
 linuxv2.6.36-rc3 |           381
 linuxv2.6.36-rc4 |           468
 linuxv2.6.36-rc5 |           233
 linuxv2.6.36-rc6 |           285
 linuxv2.6.36-rc7 |           166
 linuxv2.6.36-rc8 |           201
 linuxv2.6.36     |            58
 linuxv2.6.37-rc1 |          9798
 linuxv2.6.37-rc2 |           605
 linuxv2.6.37-rc3 |           182
 linuxv2.6.37-rc4 |           393
 linuxv2.6.37-rc5 |           247
 linuxv2.6.37-rc6 |           341
 linuxv2.6.37-rc7 |           185
 linuxv2.6.37-rc8 |           189
 linuxv2.6.37     |            81
 linuxv2.6.38-rc1 |          7795
 linuxv2.6.38-rc2 |           364
 linuxv2.6.38-rc3 |           443
 linuxv2.6.38-rc4 |           328
 linuxv2.6.38-rc5 |           329
 linuxv2.6.38-rc6 |           182
 linuxv2.6.38-rc7 |           214
 linuxv2.6.38-rc8 |           223
 linuxv2.6.38     |           185
 linuxv2.6.39-rc1 |          8923
 linuxv2.6.39-rc2 |           325
 linuxv2.6.39-rc3 |           209
 linuxv2.6.39-rc4 |           306
 linuxv2.6.39-rc5 |           247
 linuxv2.6.39-rc6 |           281
 linuxv2.6.39-rc7 |           143
 linuxv2.6.39     |           277
 linuxv3.0-rc1    |          7636
 linuxv3.0-rc2    |           198
 linuxv3.0-rc3    |           388
 linuxv3.0-rc4    |           375
 linuxv3.0-rc5    |           193
 linuxv3.0-rc6    |           464
 linuxv3.0-rc7    |           265
 linuxv3.0        |           178
 linuxv3.1-rc1    |          7476
 linuxv3.1-rc10   |            92
 linuxv3.1-rc2    |           290
 linuxv3.1-rc3    |           202
 linuxv3.1-rc4    |           284
 linuxv3.1-rc5    |           147
 linuxv3.1-rc6    |           149
 linuxv3.1-rc7    |           297
 linuxv3.1-rc8    |            79
 linuxv3.1-rc9    |           118
 linuxv3.1        |            59
 linuxv3.2-rc1    |         10677
 linuxv3.2-rc2    |           324
 linuxv3.2-rc3    |           464
 linuxv3.2-rc4    |           255
 linuxv3.2-rc5    |           412
 linuxv3.2-rc6    |           183
 linuxv3.2-rc7    |           214
 linuxv3.2        |           104
 linuxv3.3-rc1    |          9050
 linuxv3.3-rc2    |           515
 linuxv3.3-rc3    |           283
 linuxv3.3-rc4    |           369
 linuxv3.3-rc5    |           198
 linuxv3.3-rc6    |           206
 linuxv3.3-rc7    |           241
 linuxv3.3        |           129
 linuxv3.4-rc1    |          9032
 linuxv3.4-rc2    |           500
 linuxv3.4-rc3    |           373
 linuxv3.4-rc4    |           236
 linuxv3.4-rc5    |           273
 linuxv3.4-rc6    |           254
 linuxv3.4-rc7    |           145
 linuxv3.4        |           122
 linuxv3.5-rc1    |          9467
 linuxv3.5-rc2    |           216
 linuxv3.5-rc3    |           338
 linuxv3.5-rc4    |           268
 linuxv3.5-rc5    |           263
 linuxv3.5-rc6    |           188
 linuxv3.5-rc7    |           226
 linuxv3.5        |           196
 linuxv3.6-rc1    |          8666
 linuxv3.6-rc2    |           377
 linuxv3.6-rc3    |           477
 linuxv3.6-rc4    |           243
 linuxv3.6-rc5    |           113
 linuxv3.6-rc6    |           400
 linuxv3.6-rc7    |           204
 linuxv3.6        |           122
 linuxv3.7-rc1    |          9941
 linuxv3.7-rc2    |           331
 linuxv3.7-rc3    |           538
 linuxv3.7-rc4    |           200
 linuxv3.7-rc5    |           168
 linuxv3.7-rc6    |           188
 linuxv3.7-rc7    |           218
 linuxv3.7-rc8    |           203
 linuxv3.7        |            49
 linuxv3.8-rc1    |         10917
 linuxv3.8-rc2    |           124
 linuxv3.8-rc3    |           380
 linuxv3.8-rc4    |           362
 linuxv3.8-rc5    |           304
 linuxv3.8-rc6    |           282
 linuxv3.8-rc7    |           229
 linuxv3.8        |            94
 linuxv3.9-rc1    |          9658
 linuxv3.9-rc2    |           257
 linuxv3.9-rc3    |           344
 linuxv3.9-rc4    |           368
 linuxv3.9-rc5    |           280
 linuxv3.9-rc6    |           257
 linuxv3.9-rc7    |           218
 linuxv3.9-rc8    |           185
 linuxv3.9        |            30
 linuxv3.10-rc1   |         10198
 linuxv3.10-rc2   |           402
 linuxv3.10-rc3   |           474
 linuxv3.10-rc4   |           205
 linuxv3.10-rc5   |           318
 linuxv3.10-rc6   |           279
 linuxv3.10-rc7   |           162
 linuxv3.10       |           160
 linuxv3.11-rc1   |          8757
 linuxv3.11-rc2   |           252
 linuxv3.11-rc3   |           343
 linuxv3.11-rc4   |           395
 linuxv3.11-rc5   |           219
 linuxv3.11-rc6   |           171
 linuxv3.11-rc7   |           167
 linuxv3.11       |           103

